Product: MDK-ARM Professional 5.10
Component: ARM Compiler 5.04 update 1 (build 49)
Tool: armlink [5040049]

==============================================================================

Section Cross References

    app_exec.o(i.APP_Exec) refers to led_effect.o(i.LED_Blink) for LED_Blink
    app_exec.o(i.APP_Exec) refers to led_effect.o(i.LED_Circle) for LED_Circle
    led_effect.o(i.LED_Blink) refers to led_effect.o(i.LED_ON) for LED_ON
    led_effect.o(i.LED_Blink) refers to utils.o(i.delay_ms) for delay_ms
    led_effect.o(i.LED_Blink) refers to led_effect.o(i.LED_OFF) for LED_OFF
    led_effect.o(i.LED_Circle) refers to stm32f4xx_gpio.o(i.GPIO_SetBits) for GPIO_SetBits
    led_effect.o(i.LED_Circle) refers to stm32f4xx_gpio.o(i.GPIO_ResetBits) for GPIO_ResetBits
    led_effect.o(i.LED_Circle) refers to utils.o(i.delay_ms) for delay_ms
    led_effect.o(i.LED_Circle) refers to led_effect.o(.data) for i
    led_effect.o(i.LED_OFF) refers to stm32f4xx_gpio.o(i.GPIO_ResetBits) for GPIO_ResetBits
    led_effect.o(i.LED_OFF) refers to led_effect.o(.data) for i
    led_effect.o(i.LED_ON) refers to stm32f4xx_gpio.o(i.GPIO_SetBits) for GPIO_SetBits
    led_effect.o(i.LED_ON) refers to led_effect.o(.data) for i
    stm32f4xx_it.o(i.USART2_IRQHandler) refers to stm32f4xx_usart.o(i.USART_GetITStatus) for USART_GetITStatus
    stm32f4xx_it.o(i.USART2_IRQHandler) refers to stm32f4xx_usart.o(i.USART_ReceiveData) for USART_ReceiveData
    stm32f4xx_it.o(i.USART2_IRQHandler) refers to stm32f4xx_usart.o(i.USART_SendData) for USART_SendData
    stm32f4xx_it.o(i.USART2_IRQHandler) refers to stm32f4xx_it.o(.data) for status
    stm32f4xx_it.o(i.USART2_IRQHandler) refers to stm32f4xx_it.o(.bss) for USART2_RX_BUF
    stm32f4xx_it.o(i.USART6_IRQHandler) refers to stm32f4xx_usart.o(i.USART_GetITStatus) for USART_GetITStatus
    stm32f4xx_it.o(i.USART6_IRQHandler) refers to stm32f4xx_usart.o(i.USART_ReceiveData) for USART_ReceiveData
    stm32f4xx_it.o(i.USART6_IRQHandler) refers to stm32f4xx_it.o(.data) for USART6_RX_STA
    stm32f4xx_it.o(i.USART6_IRQHandler) refers to stm32f4xx_it.o(.bss) for USART6_RX_BUF
    ttl_display.o(i.startinfo) refers to utils.o(i.sendString) for sendString
    utils.o(.rev16_text) refers (Special) to use_no_semi_2.o(.text) for __use_no_semihosting
    utils.o(.revsh_text) refers (Special) to use_no_semi_2.o(.text) for __use_no_semihosting
    utils.o(i.GetKey) refers (Special) to use_no_semi_2.o(.text) for __use_no_semihosting
    utils.o(i.GetKey) refers to utils.o(.data) for USARTX
    utils.o(i.SysTick_Handler) refers (Special) to use_no_semi_2.o(.text) for __use_no_semihosting
    utils.o(i.SysTick_Handler) refers to os_core.o(i.OSIntEnter) for OSIntEnter
    utils.o(i.SysTick_Handler) refers to os_core.o(i.OSTimeTick) for OSTimeTick
    utils.o(i.SysTick_Handler) refers to os_core.o(i.OSIntExit) for OSIntExit
    utils.o(i._sys_exit) refers (Special) to use_no_semi_2.o(.text) for __use_no_semihosting
    utils.o(i.delay_init) refers (Special) to use_no_semi_2.o(.text) for __use_no_semihosting
    utils.o(i.delay_init) refers to misc.o(i.SysTick_CLKSourceConfig) for SysTick_CLKSourceConfig
    utils.o(i.delay_init) refers to utils.o(.data) for fac_us
    utils.o(i.delay_ms) refers (Special) to use_no_semi_2.o(.text) for __use_no_semihosting
    utils.o(i.delay_ms) refers to os_time.o(i.OSTimeDly) for OSTimeDly
    utils.o(i.delay_ms) refers to utils.o(i.delay_us) for delay_us
    utils.o(i.delay_ms) refers to os_core.o(.data) for OSRunning
    utils.o(i.delay_ms) refers to utils.o(.data) for fac_ms
    utils.o(i.delay_us) refers (Special) to use_no_semi_2.o(.text) for __use_no_semihosting
    utils.o(i.delay_us) refers to os_core.o(i.OSSchedLock) for OSSchedLock
    utils.o(i.delay_us) refers to os_core.o(i.OSSchedUnlock) for OSSchedUnlock
    utils.o(i.delay_us) refers to utils.o(.data) for fac_us
    utils.o(i.fputc) refers (Special) to use_no_semi_2.o(.text) for __use_no_semihosting
    utils.o(i.fputc) refers to stm32f4xx_usart.o(i.USART_SendData) for USART_SendData
    utils.o(i.fputc) refers to utils.o(.data) for USARTX
    utils.o(i.getcontent) refers (Special) to use_no_semi_2.o(.text) for __use_no_semihosting
    utils.o(i.getmid) refers (Special) to use_no_semi_2.o(.text) for __use_no_semihosting
    utils.o(i.sendString) refers (Special) to use_no_semi_2.o(.text) for __use_no_semihosting
    utils.o(i.sendString) refers to _printf_percent.o(.ARM.Collect$$_printf_percent$$00000000) for _printf_percent
    utils.o(i.sendString) refers to noretval__2printf.o(.text) for __2printf
    utils.o(i.sendString) refers to utils.o(.data) for USARTX
    utils.o(.data) refers (Special) to use_no_semi_2.o(.text) for __use_no_semihosting
    wifilistener.o(i.WiFiListener) refers to utils.o(i.sendString) for sendString
    wifilistener.o(i.WiFiListener) refers to utils.o(i.getcontent) for getcontent
    wifilistener.o(i.WiFiListener) refers to display.o(i.display_title) for display_title
[...]
    ../clib/printf.c                         0x00000000   Number         0  __printf.o ABSOLUTE
    ../clib/printf.c                         0x00000000   Number         0  __printf_flags_wp.o ABSOLUTE
    ../clib/printf_percent.s                 0x00000000   Number         0  _printf_percent.o ABSOLUTE
    ../clib/printf_percent.s                 0x00000000   Number         0  _printf_percent_end.o ABSOLUTE
    ../clib/signal.c                         0x00000000   Number         0  defsig_abrt_inner.o ABSOLUTE
    ../clib/signal.c                         0x00000000   Number         0  __raise.o ABSOLUTE
    ../clib/signal.c                         0x00000000   Number         0  defsig_rtmem_inner.o ABSOLUTE
    ../clib/signal.c                         0x00000000   Number         0  defsig_exit.o ABSOLUTE
    ../clib/signal.c                         0x00000000   Number         0  defsig_rtmem_formal.o ABSOLUTE
    ../clib/signal.c                         0x00000000   Number         0  defsig_rtmem_outer.o ABSOLUTE
    ../clib/signal.c                         0x00000000   Number         0  defsig_general.o ABSOLUTE
    ../clib/signal.c                         0x00000000   Number         0  defsig_other.o ABSOLUTE
    ../clib/signal.c                         0x00000000   Number         0  defsig_segv_inner.o ABSOLUTE
    ../clib/signal.c                         0x00000000   Number         0  defsig_cppl_inner.o ABSOLUTE
    ../clib/signal.c                         0x00000000   Number         0  defsig_pvfn_inner.o ABSOLUTE
    ../clib/signal.c                         0x00000000   Number         0  defsig_stak_inner.o ABSOLUTE
    ../clib/signal.c                         0x00000000   Number         0  defsig_rtred_inner.o ABSOLUTE
    ../clib/signal.c                         0x00000000   Number         0  defsig_fpe_inner.o ABSOLUTE
    ../clib/signal.s                         0x00000000   Number         0  defsig.o ABSOLUTE
    ../clib/stdio.c                          0x00000000   Number         0  ferror.o ABSOLUTE
    ../clib/stdio.c                          0x00000000   Number         0  ferror_locked.o ABSOLUTE
    ../clib/stdlib.c                         0x00000000   Number         0  exit.o ABSOLUTE
    ../clib/string.c                         0x00000000   Number         0  strlen.o ABSOLUTE
    ../fplib/fpinit.s                        0x00000000   Number         0  fpinit.o ABSOLUTE
    ..\APP\src\LED_Effect.c                  0x00000000   Number         0  led_effect.o ABSOLUTE
    ..\APP\src\WiFiInit.c                    0x00000000   Number         0  wifiinit.o ABSOLUTE
    ..\APP\src\WiFiListener.c                0x00000000   Number         0  wifilistener.o ABSOLUTE
    ..\APP\src\app_exec.c                    0x00000000   Number         0  app_exec.o ABSOLUTE
    ..\APP\src\display.c                     0x00000000   Number         0  display.o ABSOLUTE
    ..\APP\src\gui.c                         0x00000000   Number         0  gui.o ABSOLUTE
    ..\APP\src\test.c                        0x00000000   Number         0  test.o ABSOLUTE
    ..\APP\src\ttl_display.c                 0x00000000   Number         0  ttl_display.o ABSOLUTE
    ..\APP\src\utils.c                       0x00000000   Number         0  utils.o ABSOLUTE
    ..\CONFIG\src\gpio_init.c                0x00000000   Number         0  gpio_init.o ABSOLUTE
    ..\CONFIG\src\lcd.c                      0x00000000   Number         0  lcd.o ABSOLUTE
    ..\CONFIG\src\usart.c                    0x00000000   Number         0  usart.o ABSOLUTE
    ..\CORE\startup_stm32f40_41xxx.s         0x00000000   Number         0  startup_stm32f40_41xxx.o ABSOLUTE
    ..\FWLIB\src\misc.c                      0x00000000   Number         0  misc.o ABSOLUTE
    ..\FWLIB\src\stm32f4xx_gpio.c            0x00000000   Number         0  stm32f4xx_gpio.o ABSOLUTE
    ..\FWLIB\src\stm32f4xx_rcc.c             0x00000000   Number         0  stm32f4xx_rcc.o ABSOLUTE
    ..\FWLIB\src\stm32f4xx_usart.c           0x00000000   Number         0  stm32f4xx_usart.o ABSOLUTE
    ..\USER\main.c                           0x00000000   Number         0  main.o ABSOLUTE
    ..\USER\stm32f4xx_it.c                   0x00000000   Number         0  stm32f4xx_it.o ABSOLUTE
    ..\USER\system_stm32f4xx.c               0x00000000   Number         0  system_stm32f4xx.o ABSOLUTE
    ..\\APP\\src\\LED_Effect.c               0x00000000   Number         0  led_effect.o ABSOLUTE
    ..\\APP\\src\\WiFiInit.c                 0x00000000   Number         0  wifiinit.o ABSOLUTE
    ..\\APP\\src\\WiFiListener.c             0x00000000   Number         0  wifilistener.o ABSOLUTE
    ..\\APP\\src\\app_exec.c                 0x00000000   Number         0  app_exec.o ABSOLUTE
    ..\\APP\\src\\display.c                  0x00000000   Number         0  display.o ABSOLUTE
    ..\\APP\\src\\gui.c                      0x00000000   Number         0  gui.o ABSOLUTE
    ..\\APP\\src\\ttl_display.c              0x00000000   Number         0  ttl_display.o ABSOLUTE
    ..\\APP\\src\\utils.c                    0x00000000   Number         0  utils.o ABSOLUTE
    ..\\CONFIG\\src\\gpio_init.c             0x00000000   Number         0  gpio_init.o ABSOLUTE
    ..\\CONFIG\\src\\lcd.c                   0x00000000   Number         0  lcd.o ABSOLUTE
    ..\\CONFIG\\src\\usart.c                 0x00000000   Number         0  usart.o ABSOLUTE
    ..\\FWLIB\\src\\misc.c                   0x00000000   Number         0  misc.o ABSOLUTE
    ..\\FWLIB\\src\\stm32f4xx_gpio.c         0x00000000   Number         0  stm32f4xx_gpio.o ABSOLUTE
    ..\\FWLIB\\src\\stm32f4xx_rcc.c          0x00000000   Number         0  stm32f4xx_rcc.o ABSOLUTE
    ..\\FWLIB\\src\\stm32f4xx_usart.c        0x00000000   Number         0  stm32f4xx_usart.o ABSOLUTE
    ..\\USER\\main.c                         0x00000000   Number         0  main.o ABSOLUTE
    ..\\USER\\stm32f4xx_it.c                 0x00000000   Number         0  stm32f4xx_it.o ABSOLUTE
    ..\\USER\\system_stm32f4xx.c             0x00000000   Number         0  system_stm32f4xx.o ABSOLUTE
    ..\\uCOSII\\CORE\\os_core.c              0x00000000   Number         0  os_core.o ABSOLUTE
    ..\\uCOSII\\CORE\\os_flag.c              0x00000000   Number         0  os_flag.o ABSOLUTE
    ..\\uCOSII\\CORE\\os_mbox.c              0x00000000   Number         0  os_mbox.o ABSOLUTE
    ..\\uCOSII\\CORE\\os_mem.c               0x00000000   Number         0  os_mem.o ABSOLUTE
    ..\\uCOSII\\CORE\\os_mutex.c             0x00000000   Number         0  os_mutex.o ABSOLUTE
    ..\\uCOSII\\CORE\\os_q.c                 0x00000000   Number         0  os_q.o ABSOLUTE
    ..\\uCOSII\\CORE\\os_sem.c               0x00000000   Number         0  os_sem.o ABSOLUTE
    ..\\uCOSII\\CORE\\os_task.c              0x00000000   Number         0  os_task.o ABSOLUTE
    ..\\uCOSII\\CORE\\os_time.c              0x00000000   Number         0  os_time.o ABSOLUTE
    ..\\uCOSII\\CORE\\os_tmr.c               0x00000000   Number         0  os_tmr.o ABSOLUTE
    ..\\uCOSII\\PORT\\os_cpu_c.c             0x00000000   Number         0  os_cpu_c.o ABSOLUTE
    ..\uCOSII\CORE\os_core.c                 0x00000000   Number         0  os_core.o ABSOLUTE
    ..\uCOSII\CORE\os_flag.c                 0x00000000   Number         0  os_flag.o ABSOLUTE
    ..\uCOSII\CORE\os_mbox.c                 0x00000000   Number         0  os_mbox.o ABSOLUTE
    ..\uCOSII\CORE\os_mem.c                  0x00000000   Number         0  os_mem.o ABSOLUTE
    ..\uCOSII\CORE\os_mutex.c                0x00000000   Number         0  os_mutex.o ABSOLUTE
    ..\uCOSII\CORE\os_q.c                    0x00000000   Number         0  os_q.o ABSOLUTE
    ..\uCOSII\CORE\os_sem.c                  0x00000000   Number         0  os_sem.o ABSOLUTE
    ..\uCOSII\CORE\os_task.c                 0x00000000   Number         0  os_task.o ABSOLUTE
    ..\uCOSII\CORE\os_time.c                 0x00000000   Number         0  os_time.o ABSOLUTE
    ..\uCOSII\CORE\os_tmr.c                  0x00000000   Number         0  os_tmr.o ABSOLUTE
    ..\uCOSII\PORT\os_cpu_a.asm              0x00000000   Number         0  os_cpu_a.o ABSOLUTE
    ..\uCOSII\PORT\os_cpu_c.c                0x00000000   Number         0  os_cpu_c.o ABSOLUTE
    dc.s                                     0x00000000   Number         0  dc.o ABSOLUTE
    RESET                                    0x08000000   Section      392  startup_stm32f40_41xxx.o(RESET)
    !!!main                                  0x08000188   Section        8  __main.o(!!!main)
    !!!scatter                               0x08000190   Section       52  __scatter.o(!!!scatter)
    !!handler_copy                           0x080001c4   Section       26  __scatter_copy.o(!!handler_copy)
    !!handler_zi                             0x080001e0   Section       28  __scatter_zi.o(!!handler_zi)
    .ARM.Collect$$_printf_percent$$00000000  0x080001fc   Section        0  _printf_percent.o(.ARM.Collect$$_printf_percent$$00000000)
    .ARM.Collect$$_printf_percent$$00000017  0x080001fc   Section        4  _printf_percent_end.o(.ARM.Collect$$_printf_percent$$00000017)
    .ARM.Collect$$libinit$$00000000          0x08000200   Section        2  libinit.o(.ARM.Collect$$libinit$$00000000)
    .ARM.Collect$$libinit$$00000001          0x08000202   Section        4  libinit2.o(.ARM.Collect$$libinit$$00000001)
    .ARM.Collect$$libinit$$00000008          0x08000206   Section        0  libinit2.o(.ARM.Collect$$libinit$$00000008)
    .ARM.Collect$$libinit$$0000000A          0x08000206   Section        0  libinit2.o(.ARM.Collect$$libinit$$0000000A)
    .ARM.Collect$$libinit$$0000000C          0x08000206   Section        0  libinit2.o(.ARM.Collect$$libinit$$0000000C)
    .ARM.Collect$$libinit$$0000000F          0x08000206   Section        0  libinit2.o(.ARM.Collect$$libinit$$0000000F)
    .ARM.Collect$$libinit$$00000011          0x08000206   Section        0  libinit2.o(.ARM.Collect$$libinit$$00000011)
    .ARM.Collect$$libinit$$00000013          0x08000206   Section        0  libinit2.o(.ARM.Collect$$libinit$$00000013)
    .ARM.Collect$$libinit$$00000015          0x08000206   Section        0  libinit2.o(.ARM.Collect$$libinit$$00000015)
    .ARM.Collect$$libinit$$00000017          0x08000206   Section        0  libinit2.o(.ARM.Collect$$libinit$$00000017)
    .ARM.Collect$$libinit$$00000019          0x08000206   Section        0  libinit2.o(.ARM.Collect$$libinit$$00000019)
    .ARM.Collect$$libinit$$0000001B          0x08000206   Section        0  libinit2.o(.ARM.Collect$$libinit$$0000001B)
    .ARM.Collect$$libinit$$0000001D          0x08000206   Section        0  libinit2.o(.ARM.Collect$$libinit$$0000001D)
    .ARM.Collect$$libinit$$0000001F          0x08000206   Section        0  libinit2.o(.ARM.Collect$$libinit$$0000001F)
    .ARM.Collect$$libinit$$00000021          0x08000206   Section        0  libinit2.o(.ARM.Collect$$libinit$$00000021)
    .ARM.Collect$$libinit$$00000023          0x08000206   Section        0  libinit2.o(.ARM.Collect$$libinit$$00000023)
    .ARM.Collect$$libinit$$0000002A          0x08000206   Section        0  libinit2.o(.ARM.Collect$$libinit$$0000002A)
    .ARM.Collect$$libinit$$0000002C          0x08000206   Section        0  libinit2.o(.ARM.Collect$$libinit$$0000002C)
    .ARM.Collect$$libinit$$0000002E          0x08000206   Section        0  libinit2.o(.ARM.Collect$$libinit$$0000002E)
    .ARM.Collect$$libinit$$00000030          0x08000206   Section        0  libinit2.o(.ARM.Collect$$libinit$$00000030)
    .ARM.Collect$$libinit$$00000031          0x08000206   Section        2  libinit2.o(.ARM.Collect$$libinit$$00000031)
    .ARM.Collect$$libshutdown$$00000000      0x08000208   Section        2  libshutdown.o(.ARM.Collect$$libshutdown$$00000000)
    .ARM.Collect$$libshutdown$$00000003      0x0800020a   Section        0  libshutdown2.o(.ARM.Collect$$libshutdown$$00000003)
    .ARM.Collect$$libshutdown$$00000006      0x0800020a   Section        0  libshutdown2.o(.ARM.Collect$$libshutdown$$00000006)
    .ARM.Collect$$libshutdown$$00000009      0x0800020a   Section        0  libshutdown2.o(.ARM.Collect$$libshutdown$$00000009)
    .ARM.Collect$$libshutdown$$0000000B      0x0800020a   Section        0  libshutdown2.o(.ARM.Collect$$libshutdown$$0000000B)
    .ARM.Collect$$libshutdown$$0000000E      0x0800020a   Section        0  libshutdown2.o(.ARM.Collect$$libshutdown$$0000000E)
    .ARM.Collect$$libshutdown$$0000000F      0x0800020a   Section        2  libshutdown2.o(.ARM.Collect$$libshutdown$$0000000F)
    .ARM.Collect$$rtentry$$00000000          0x0800020c   Section        0  rtentry.o(.ARM.Collect$$rtentry$$00000000)
    .ARM.Collect$$rtentry$$00000002          0x0800020c   Section        0  rtentry2.o(.ARM.Collect$$rtentry$$00000002)
    .ARM.Collect$$rtentry$$00000004          0x0800020c   Section        6  rtentry4.o(.ARM.Collect$$rtentry$$00000004)
    .ARM.Collect$$rtentry$$00000009          0x08000212   Section        0  rtentry2.o(.ARM.Collect$$rtentry$$00000009)
    .ARM.Collect$$rtentry$$0000000A          0x08000212   Section        4  rtentry2.o(.ARM.Collect$$rtentry$$0000000A)
    .ARM.Collect$$rtentry$$0000000C          0x08000216   Section        0  rtentry2.o(.ARM.Collect$$rtentry$$0000000C)
    .ARM.Collect$$rtentry$$0000000D          0x08000216   Section        8  rtentry2.o(.ARM.Collect$$rtentry$$0000000D)
    .ARM.Collect$$rtexit$$00000000           0x0800021e   Section        2  rtexit.o(.ARM.Collect$$rtexit$$00000000)
    .ARM.Collect$$rtexit$$00000002           0x08000220   Section        0  rtexit2.o(.ARM.Collect$$rtexit$$00000002)
    .ARM.Collect$$rtexit$$00000003           0x08000220   Section        4  rtexit2.o(.ARM.Collect$$rtexit$$00000003)
    .ARM.Collect$$rtexit$$00000004           0x08000224   Section        6  rtexit2.o(.ARM.Collect$$rtexit$$00000004)
    .text                                    0x0800022c   Section       64  startup_stm32f40_41xxx.o(.text)
    $v0                                      0x0800022c   Number         0  startup_stm32f40_41xxx.o(.text)
    .text                                    0x0800026c   Section      200  os_cpu_a.o(.text)
    $v0                                      0x0800026c   Number         0  os_cpu_a.o(.text)
    .text                                    0x08000334   Section        2  use_no_semi_2.o(.text)
    .text                                    0x08000338   Section        0  noretval__2printf.o(.text)
    .text                                    0x08000350   Section        0  __printf.o(.text)
    .text                                    0x080003b8   Section        0  strlen.o(.text)
    .text                                    0x080003f6   Section        0  heapauxi.o(.text)
    .text                                    0x080003fc   Section        2  use_no_semi.o(.text)
    .text                                    0x08000400   Section        0  _printf_char_file.o(.text)
    .text                                    0x08000424   Section        0  _printf_char_common.o(.text)
    _printf_input_char                       0x08000425   Thumb Code    10  _printf_char_common.o(.text)
    .text                                    0x08000454   Section        0  ferror.o(.text)
    .text                                    0x0800045c   Section       74  sys_stackheap_outer.o(.text)
    .text                                    0x080004a6   Section        0  exit.o(.text)
    .text                                    0x080004b4   Section        8  libspace.o(.text)
    i.BusFault_Handler                       0x080004bc   Section        0  stm32f4xx_it.o(i.BusFault_Handler)
    i.Config_Init                            0x080004c0   Section        0  gpio_init.o(i.Config_Init)
    i.DebugMon_Handler                       0x080004d8   Section        0  stm32f4xx_it.o(i.DebugMon_Handler)
    i.DrawTestPage                           0x080004dc   Section        0  display.o(i.DrawTestPage)
    i.GPIO_Init                              0x0800057c   Section        0  stm32f4xx_gpio.o(i.GPIO_Init)
    i.GPIO_PinAFConfig                       0x0800060c   Section        0  stm32f4xx_gpio.o(i.GPIO_PinAFConfig)
    i.GPIO_ResetBits                         0x08000652   Section        0  stm32f4xx_gpio.o(i.GPIO_ResetBits)
    i.GPIO_SetBits                           0x08000656   Section        0  stm32f4xx_gpio.o(i.GPIO_SetBits)
    i.GUI_DrawFont16                         0x0800065c   Section        0  gui.o(i.GUI_DrawFont16)
    i.Gui_StrCenter                          0x08000768   Section        0  gui.o(i.Gui_StrCenter)
    i.HardFault_Handler                      0x080007b0   Section        0  stm32f4xx_it.o(i.HardFault_Handler)
    i.LCD_Clear                              0x080007b4   Section        0  lcd.o(i.LCD_Clear)
    i.LCD_DrawLine                           0x08000814   Section        0  gui.o(i.LCD_DrawLine)
    i.LCD_DrawPoint                          0x080008c4   Section        0  lcd.o(i.LCD_DrawPoint)
    i.LCD_DrawPoint_16Bit                    0x08000908   Section        0  lcd.o(i.LCD_DrawPoint_16Bit)
    i.LCD_DrawRectangle                      0x08000930   Section        0  gui.o(i.LCD_DrawRectangle)
    i.LCD_Fill                               0x08000970   Section        0  gui.o(i.LCD_Fill)
    i.LCD_GPIOInit                           0x08000a10   Section        0  gpio_init.o(i.LCD_GPIOInit)
    i.LCD_Init                               0x08000a70   Section        0  lcd.o(i.LCD_Init)
    i.LCD_RESET                              0x08001420   Section        0  lcd.o(i.LCD_RESET)
    i.LCD_SetCursor                          0x08001444   Section        0  lcd.o(i.LCD_SetCursor)
    i.LCD_SetParam                           0x08001574   Section        0  lcd.o(i.LCD_SetParam)
    i.LCD_SetWindows                         0x080015a4   Section        0  lcd.o(i.LCD_SetWindows)
    i.LCD_ShowChar                           0x080016d8   Section        0  gui.o(i.LCD_ShowChar)
    i.LCD_WR_REG                             0x080017fc   Section        0  lcd.o(i.LCD_WR_REG)
    i.LCD_WriteRAM_Prepare                   0x08001824   Section        0  lcd.o(i.LCD_WriteRAM_Prepare)
    i.LCD_WriteReg                           0x08001834   Section        0  lcd.o(i.LCD_WriteReg)
    i.LED_Circle                             0x08001868   Section        0  led_effect.o(i.LED_Circle)
    i.LED_Init                               0x080018d8   Section        0  gpio_init.o(i.LED_Init)
    i.MemManage_Handler                      0x08001908   Section        0  stm32f4xx_it.o(i.MemManage_Handler)
    i.NMI_Handler                            0x0800190c   Section        0  stm32f4xx_it.o(i.NMI_Handler)
    i.NVIC_Init                              0x08001910   Section        0  misc.o(i.NVIC_Init)
    i.NVIC_PriorityGroupConfig               0x08001988   Section        0  misc.o(i.NVIC_PriorityGroupConfig)
    i.OSInit                                 0x0800199c   Section        0  os_core.o(i.OSInit)
    i.OSInitHookBegin                        0x080019c8   Section        0  os_cpu_c.o(i.OSInitHookBegin)
    i.OSInitHookEnd                          0x080019ca   Section        0  os_cpu_c.o(i.OSInitHookEnd)
    i.OSIntEnter                             0x080019cc   Section        0  os_core.o(i.OSIntEnter)
    i.OSIntExit                              0x080019f0   Section        0  os_core.o(i.OSIntExit)
    i.OSSchedLock                            0x08001a80   Section        0  os_core.o(i.OSSchedLock)
    i.OSSchedUnlock                          0x08001ac0   Section        0  os_core.o(i.OSSchedUnlock)
    i.OSStart                                0x08001b20   Section        0  os_core.o(i.OSStart)
    i.OSTCBInitHook                          0x08001b68   Section        0  os_cpu_c.o(i.OSTCBInitHook)
    i.OSTaskCreate                           0x08001b6c   Section        0  os_task.o(i.OSTaskCreate)
    i.OSTaskCreateExt                        0x08001c0c   Section        0  os_task.o(i.OSTaskCreateExt)
    i.OSTaskCreateHook                       0x08001cc4   Section        0  os_cpu_c.o(i.OSTaskCreateHook)
    i.OSTaskDel                              0x08001cc8   Section        0  os_task.o(i.OSTaskDel)
    i.OSTaskDelHook                          0x08001e1c   Section        0  os_cpu_c.o(i.OSTaskDelHook)
    i.OSTaskIdleHook                         0x08001e1e   Section        0  os_cpu_c.o(i.OSTaskIdleHook)
    i.OSTaskNameSet                          0x08001e20   Section        0  os_task.o(i.OSTaskNameSet)
    i.OSTaskReturnHook                       0x08001e90   Section        0  os_cpu_c.o(i.OSTaskReturnHook)
    i.OSTaskStatHook                         0x08001e92   Section        0  os_cpu_c.o(i.OSTaskStatHook)
    i.OSTaskStkChk                           0x08001e94   Section        0  os_task.o(i.OSTaskStkChk)
    i.OSTaskStkInit                          0x08001f20   Section        0  os_cpu_c.o(i.OSTaskStkInit)
    i.OSTaskSuspend                          0x080020d0   Section        0  os_task.o(i.OSTaskSuspend)
    i.OSTaskSwHook                           0x08002178   Section        0  os_cpu_c.o(i.OSTaskSwHook)
    i.OSTimeDly                              0x0800217c   Section        0  os_time.o(i.OSTimeDly)
    i.OSTimeTick                             0x080021f4   Section        0  os_core.o(i.OSTimeTick)
    i.OSTimeTickHook                         0x080022e0   Section        0  os_cpu_c.o(i.OSTimeTickHook)
    i.OS_Dummy                               0x080022e2   Section        0  os_core.o(i.OS_Dummy)
    i.OS_EventTaskRemove                     0x080022e4   Section        0  os_core.o(i.OS_EventTaskRemove)
    i.OS_FlagInit                            0x08002310   Section        0  os_flag.o(i.OS_FlagInit)
    i.OS_FlagUnlink                          0x08002368   Section        0  os_flag.o(i.OS_FlagUnlink)
    i.OS_InitEventList                       0x0800238c   Section        0  os_core.o(i.OS_InitEventList)
    OS_InitEventList                         0x0800238d   Thumb Code    74  os_core.o(i.OS_InitEventList)
    i.OS_InitMisc                            0x080023e0   Section        0  os_core.o(i.OS_InitMisc)
    OS_InitMisc                              0x080023e1   Thumb Code    44  os_core.o(i.OS_InitMisc)
    i.OS_InitRdyList                         0x08002434   Section        0  os_core.o(i.OS_InitRdyList)
    OS_InitRdyList                           0x08002435   Thumb Code    44  os_core.o(i.OS_InitRdyList)
    i.OS_InitTCBList                         0x08002478   Section        0  os_core.o(i.OS_InitTCBList)
    OS_InitTCBList                           0x08002479   Thumb Code   106  os_core.o(i.OS_InitTCBList)
    i.OS_InitTaskIdle                        0x080024f8   Section        0  os_core.o(i.OS_InitTaskIdle)
    OS_InitTaskIdle                          0x080024f9   Thumb Code    50  os_core.o(i.OS_InitTaskIdle)
    i.OS_InitTaskStat                        0x08002548   Section        0  os_core.o(i.OS_InitTaskStat)
    OS_InitTaskStat                          0x08002549   Thumb Code    50  os_core.o(i.OS_InitTaskStat)
    i.OS_MemClr                              0x08002598   Section        0  os_core.o(i.OS_MemClr)
    i.OS_QInit                               0x080025ac   Section        0  os_q.o(i.OS_QInit)
    i.OS_Sched                               0x080025fc   Section        0  os_core.o(i.OS_Sched)
    i.OS_SchedNew                            0x08002670   Section        0  os_core.o(i.OS_SchedNew)
    OS_SchedNew                              0x08002671   Thumb Code    26  os_core.o(i.OS_SchedNew)
    i.OS_TCBInit                             0x0800269c   Section        0  os_core.o(i.OS_TCBInit)
    i.OS_TaskIdle                            0x080027d0   Section        0  os_core.o(i.OS_TaskIdle)
    i.OS_TaskReturn                          0x080027f8   Section        0  os_task.o(i.OS_TaskReturn)
    i.OS_TaskStat                            0x08002810   Section        0  os_core.o(i.OS_TaskStat)
    i.OS_TaskStatStkChk                      0x08002898   Section        0  os_core.o(i.OS_TaskStatStkChk)
    i.OS_TaskStkClr                          0x080028d4   Section        0  os_task.o(i.OS_TaskStkClr)
    i.RCC_AHB1PeriphClockCmd                 0x080028f0   Section        0  stm32f4xx_rcc.o(i.RCC_AHB1PeriphClockCmd)
    i.RCC_APB1PeriphClockCmd                 0x08002910   Section        0  stm32f4xx_rcc.o(i.RCC_APB1PeriphClockCmd)
    i.RCC_APB2PeriphClockCmd                 0x08002930   Section        0  stm32f4xx_rcc.o(i.RCC_APB2PeriphClockCmd)
    i.RCC_GetClocksFreq                      0x08002950   Section        0  stm32f4xx_rcc.o(i.RCC_GetClocksFreq)
    i.SVC_Handler                            0x08002a38   Section        0  stm32f4xx_it.o(i.SVC_Handler)
    i.SetSysClock                            0x08002a3c   Section        0  system_stm32f4xx.o(i.SetSysClock)
    SetSysClock                              0x08002a3d   Thumb Code   220  system_stm32f4xx.o(i.SetSysClock)
    i.Show_Str                               0x08002b28   Section        0  gui.o(i.Show_Str)
    i.StartTask                              0x08002c2c   Section        0  main.o(i.StartTask)
    i.SysTick_CLKSourceConfig                0x08002d18   Section        0  misc.o(i.SysTick_CLKSourceConfig)
    i.SysTick_Handler                        0x08002d40   Section        0  utils.o(i.SysTick_Handler)
    i.SystemInit                             0x08002d50   Section        0  system_stm32f4xx.o(i.SystemInit)
    i.USART2_IRQHandler                      0x08002db8   Section        0  stm32f4xx_it.o(i.USART2_IRQHandler)
    i.USART2_Init                            0x08002f44   Section        0  gpio_init.o(i.USART2_Init)
    i.USART6_IRQHandler                      0x08002f94   Section        0  stm32f4xx_it.o(i.USART6_IRQHandler)
    i.USART6_Init                            0x08003010   Section        0  gpio_init.o(i.USART6_Init)
    i.USART_Cmd                              0x08003060   Section        0  stm32f4xx_usart.o(i.USART_Cmd)
    i.USART_Config                           0x08003078   Section        0  usart.o(i.USART_Config)
    i.USART_GetITStatus                      0x08003154   Section        0  stm32f4xx_usart.o(i.USART_GetITStatus)
    i.USART_ITConfig                         0x080031a8   Section        0  stm32f4xx_usart.o(i.USART_ITConfig)
    i.USART_Init                             0x080031f4   Section        0  stm32f4xx_usart.o(i.USART_Init)
    i.USART_ReceiveData                      0x080032c8   Section        0  stm32f4xx_usart.o(i.USART_ReceiveData)
    i.USART_SendData                         0x080032d2   Section        0  stm32f4xx_usart.o(i.USART_SendData)
    i.UsageFault_Handler                     0x080032da   Section        0  stm32f4xx_it.o(i.UsageFault_Handler)
    i.WiFiCmd                                0x080032e0   Section        0  wifiinit.o(i.WiFiCmd)
    i.WiFiListener                           0x08003340   Section        0  wifilistener.o(i.WiFiListener)
    i.WiFiListenerTask                       0x08003458   Section        0  main.o(i.WiFiListenerTask)
    i.WiFiStartConnection                    0x08003468   Section        0  wifiinit.o(i.WiFiStartConnection)
    i._sys_exit                              0x08003758   Section        0  utils.o(i._sys_exit)
    i.delay_init                             0x0800375c   Section        0  utils.o(i.delay_init)
    i.delay_ms                               0x080037b0   Section        0  utils.o(i.delay_ms)
    i.delay_us                               0x08003800   Section        0  utils.o(i.delay_us)
    i.display_info                           0x0800385c   Section        0  display.o(i.display_info)
    i.display_now                            0x0800389c   Section        0  display.o(i.display_now)
    i.display_title                          0x08003968   Section        0  display.o(i.display_title)
    i.display_welcome                        0x080039a4   Section        0  display.o(i.display_welcome)
    i.fputc                                  0x08003b1c   Section        0  utils.o(i.fputc)
    i.getcontent                             0x08003b44   Section        0  utils.o(i.getcontent)
    i.main                                   0x08003bbc   Section        0  main.o(i.main)
    i.sendString                             0x08003c40   Section        0  utils.o(i.sendString)
    i.startinfo                              0x08003c58   Section        0  ttl_display.o(i.startinfo)
    i.word_tips                              0x08003eb0   Section        0  display.o(i.word_tips)
    x$fpl$fpinit                             0x08003eec   Section       10  fpinit.o(x$fpl$fpinit)
    $v0                                      0x08003eec   Number         0  fpinit.o(x$fpl$fpinit)
    .constdata                               0x08003ef6   Section    130942  gui.o(.constdata)
    .constdata                               0x08023e74   Section      256  os_core.o(.constdata)
    .data                                    0x20000000   Section       16  led_effect.o(.data)
    .data                                    0x20000010   Section        6  stm32f4xx_it.o(.data)
    .data                                    0x20000018   Section       12  utils.o(.data)
    fac_us                                   0x20000020   Data           1  utils.o(.data)
    fac_ms                                   0x20000022   Data           2  utils.o(.data)
    .data                                    0x20000024   Section       16  stm32f4xx_rcc.o(.data)
    APBAHBPrescTable                         0x20000024   Data          16  stm32f4xx_rcc.o(.data)
    .data                                    0x20000034   Section        1  main.o(.data)
    .data                                    0x20000038   Section       20  system_stm32f4xx.o(.data)
    .data                                    0x2000004c   Section        8  gpio_init.o(.data)
    .data                                    0x20000054   Section        6  lcd.o(.data)
    .data                                    0x2000005c   Section       72  os_core.o(.data)
    .bss                                     0x200000a4   Section    20480  stm32f4xx_it.o(.bss)
    .bss                                     0x200050a4   Section    20480  wifilistener.o(.bss)
    .bss                                     0x2000a0a4   Section     1024  main.o(.bss)
    .bss                                     0x2000a4a4   Section       14  lcd.o(.bss)
    .bss                                     0x2000a4b4   Section     2688  os_core.o(.bss)
    .bss                                     0x2000af34   Section       96  libspace.o(.bss)
    HEAP                                     0x2000af98   Section      512  startup_stm32f40_41xxx.o(HEAP)
    Heap_Mem                                 0x2000af98   Data         512  startup_stm32f40_41xxx.o(HEAP)
    STACK                                    0x2000b198   Section     1024  startup_stm32f40_41xxx.o(STACK)
    Stack_Mem                                0x2000b198   Data        1024  startup_stm32f40_41xxx.o(STACK)
    __initial_sp                             0x2000b598   Data           0  startup_stm32f40_41xxx.o(STACK)

    Global Symbols

    Symbol Name                              Value     Ov Type        Size  Object(Section)

    BuildAttributes$$THM_ISAv4$E$P$D$K$B$S$7EM$VFPi3$EXTD16$VFPS$VFMA$PE$A:L22UL41UL21$X:L11$S22US41US21$IEEE1$IW$USESV6$~STKCKD$USESV7$~SHL$OSPACE$ROPI$EBA8$UX$STANDARDLIB$REQ8$PRES8$EABIv2 0x00000000   Number         0  anon$$obj.o ABSOLUTE
    __ARM_use_no_argv                        0x00000000   Number         0  main.o ABSOLUTE
    __ARM_exceptions_init                     - Undefined Weak Reference
    __alloca_initialize                       - Undefined Weak Reference
    __cpp_initialize__aeabi_                  - Undefined Weak Reference
    __cxa_finalize                            - Undefined Weak Reference
    __rt_locale                               - Undefined Weak Reference
    __sigvec_lookup                           - Undefined Weak Reference
    _atexit_init                              - Undefined Weak Reference
    _call_atexit_fns                          - Undefined Weak Reference
    _clock_init                               - Undefined Weak Reference
    _fp_trap_init                             - Undefined Weak Reference
    _fp_trap_shutdown                         - Undefined Weak Reference
    _get_lc_collate                           - Undefined Weak Reference
    _get_lc_ctype                             - Undefined Weak Reference
    _get_lc_monetary                          - Undefined Weak Reference
    _get_lc_numeric                           - Undefined Weak Reference
    _get_lc_time                              - Undefined Weak Reference
    _getenv_init                              - Undefined Weak Reference
    _handle_redirection                       - Undefined Weak Reference
    _init_alloc                               - Undefined Weak Reference
    _init_user_alloc                          - Undefined Weak Reference
    _initio                                   - Undefined Weak Reference
    _mutex_acquire                            - Undefined Weak Reference
    _mutex_release                            - Undefined Weak Reference
    _rand_init                                - Undefined Weak Reference
    _signal_finish                            - Undefined Weak Reference
    _signal_init                              - Undefined Weak Reference
    _terminate_alloc                          - Undefined Weak Reference
    _terminate_user_alloc                     - Undefined Weak Reference
    _terminateio                              - Undefined Weak Reference
    __Vectors_Size                           0x00000188   Number         0  startup_stm32f40_41xxx.o ABSOLUTE
    __Vectors                                0x08000000   Data           4  startup_stm32f40_41xxx.o(RESET)
    __Vectors_End                            0x08000188   Data           0  startup_stm32f40_41xxx.o(RESET)
    __main                                   0x08000189   Thumb Code     8  __main.o(!!!main)
    __scatterload                            0x08000191   Thumb Code     0  __scatter.o(!!!scatter)
    __scatterload_rt2                        0x08000191   Thumb Code    44  __scatter.o(!!!scatter)
    __scatterload_rt2_thumb_only             0x08000191   Thumb Code     0  __scatter.o(!!!scatter)
    __scatterload_null                       0x0800019f   Thumb Code     0  __scatter.o(!!!scatter)
    __scatterload_copy                       0x080001c5   Thumb Code    26  __scatter_copy.o(!!handler_copy)
    __scatterload_zeroinit                   0x080001e1   Thumb Code    28  __scatter_zi.o(!!handler_zi)
    _printf_percent                          0x080001fd   Thumb Code     0  _printf_percent.o(.ARM.Collect$$_printf_percent$$00000000)
    _printf_percent_end                      0x080001fd   Thumb Code     0  _printf_percent_end.o(.ARM.Collect$$_printf_percent$$00000017)
    __rt_lib_init                            0x08000201   Thumb Code     0  libinit.o(.ARM.Collect$$libinit$$00000000)
    __rt_lib_init_fp_1                       0x08000203   Thumb Code     0  libinit2.o(.ARM.Collect$$libinit$$00000001)
    __rt_lib_init_alloca_1                   0x08000207   Thumb Code     0  libinit2.o(.ARM.Collect$$libinit$$0000002C)
    __rt_lib_init_argv_1                     0x08000207   Thumb Code     0  libinit2.o(.ARM.Collect$$libinit$$0000002A)
    __rt_lib_init_atexit_1                   0x08000207   Thumb Code     0  libinit2.o(.ARM.Collect$$libinit$$00000019)
    __rt_lib_init_clock_1                    0x08000207   Thumb Code     0  libinit2.o(.ARM.Collect$$libinit$$0000001F)
    __rt_lib_init_cpp_1                      0x08000207   Thumb Code     0  libinit2.o(.ARM.Collect$$libinit$$00000030)
    __rt_lib_init_exceptions_1               0x08000207   Thumb Code     0  libinit2.o(.ARM.Collect$$libinit$$0000002E)
    __rt_lib_init_fp_trap_1                  0x08000207   Thumb Code     0  libinit2.o(.ARM.Collect$$libinit$$0000001D)
    __rt_lib_init_getenv_1                   0x08000207   Thumb Code     0  libinit2.o(.ARM.Collect$$libinit$$00000021)
    __rt_lib_init_heap_1                     0x08000207   Thumb Code     0  libinit2.o(.ARM.Collect$$libinit$$00000008)
    __rt_lib_init_lc_collate_1               0x08000207   Thumb Code     0  libinit2.o(.ARM.Collect$$libinit$$0000000F)
    __rt_lib_init_lc_ctype_1                 0x08000207   Thumb Code     0  libinit2.o(.ARM.Collect$$libinit$$00000011)
    __rt_lib_init_lc_monetary_1              0x08000207   Thumb Code     0  libinit2.o(.ARM.Collect$$libinit$$00000013)
    __rt_lib_init_lc_numeric_1               0x08000207   Thumb Code     0  libinit2.o(.ARM.Collect$$libinit$$00000015)
    __rt_lib_init_lc_time_1                  0x08000207   Thumb Code     0  libinit2.o(.ARM.Collect$$libinit$$00000017)
    __rt_lib_init_rand_1                     0x08000207   Thumb Code     0  libinit2.o(.ARM.Collect$$libinit$$0000000C)
    __rt_lib_init_return                     0x08000207   Thumb Code     0  libinit2.o(.ARM.Collect$$libinit$$00000031)
    __rt_lib_init_signal_1                   0x08000207   Thumb Code     0  libinit2.o(.ARM.Collect$$libinit$$0000001B)
    __rt_lib_init_stdio_1                    0x08000207   Thumb Code     0  libinit2.o(.ARM.Collect$$libinit$$00000023)
    __rt_lib_init_user_alloc_1               0x08000207   Thumb Code     0  libinit2.o(.ARM.Collect$$libinit$$0000000A)
    __rt_lib_shutdown                        0x08000209   Thumb Code     0  libshutdown.o(.ARM.Collect$$libshutdown$$00000000)
    __rt_lib_shutdown_fp_trap_1              0x0800020b   Thumb Code     0  libshutdown2.o(.ARM.Collect$$libshutdown$$00000006)
    __rt_lib_shutdown_heap_1                 0x0800020b   Thumb Code     0  libshutdown2.o(.ARM.Collect$$libshutdown$$0000000E)
    __rt_lib_shutdown_return                 0x0800020b   Thumb Code     0  libshutdown2.o(.ARM.Collect$$libshutdown$$0000000F)
    __rt_lib_shutdown_signal_1               0x0800020b   Thumb Code     0  libshutdown2.o(.ARM.Collect$$libshutdown$$00000009)
    __rt_lib_shutdown_stdio_1                0x0800020b   Thumb Code     0  libshutdown2.o(.ARM.Collect$$libshutdown$$00000003)
    __rt_lib_shutdown_user_alloc_1           0x0800020b   Thumb Code     0  libshutdown2.o(.ARM.Collect$$libshutdown$$0000000B)
    __rt_entry                               0x0800020d   Thumb Code     0  rtentry.o(.ARM.Collect$$rtentry$$00000000)
    __rt_entry_presh_1                       0x0800020d   Thumb Code     0  rtentry2.o(.ARM.Collect$$rtentry$$00000002)
    __rt_entry_sh                            0x0800020d   Thumb Code     0  rtentry4.o(.ARM.Collect$$rtentry$$00000004)
    __rt_entry_li                            0x08000213   Thumb Code     0  rtentry2.o(.ARM.Collect$$rtentry$$0000000A)
    __rt_entry_postsh_1                      0x08000213   Thumb Code     0  rtentry2.o(.ARM.Collect$$rtentry$$00000009)
    __rt_entry_main                          0x08000217   Thumb Code     0  rtentry2.o(.ARM.Collect$$rtentry$$0000000D)
    __rt_entry_postli_1                      0x08000217   Thumb Code     0  rtentry2.o(.ARM.Collect$$rtentry$$0000000C)
    __rt_exit                                0x0800021f   Thumb Code     0  rtexit.o(.ARM.Collect$$rtexit$$00000000)
    __rt_exit_ls                             0x08000221   Thumb Code     0  rtexit2.o(.ARM.Collect$$rtexit$$00000003)
    __rt_exit_prels_1                        0x08000221   Thumb Code     0  rtexit2.o(.ARM.Collect$$rtexit$$00000002)
    __rt_exit_exit                           0x08000225   Thumb Code     0  rtexit2.o(.ARM.Collect$$rtexit$$00000004)
    Reset_Handler                            0x0800022d   Thumb Code     8  startup_stm32f40_41xxx.o(.text)
    ADC_IRQHandler                           0x08000247   Thumb Code     0  startup_stm32f40_41xxx.o(.text)
    CAN1_RX0_IRQHandler                      0x08000247   Thumb Code     0  startup_stm32f40_41xxx.o(.text)
    CAN1_RX1_IRQHandler                      0x08000247   Thumb Code     0  startup_stm32f40_41xxx.o(.text)
    CAN1_SCE_IRQHandler                      0x08000247   Thumb Code     0  startup_stm32f40_41xxx.o(.text)
    CAN1_TX_IRQHandler                       0x08000247   Thumb Code     0  startup_stm32f40_41xxx.o(.text)
    CAN2_RX0_IRQHandler                      0x08000247   Thumb Code     0  startup_stm32f40_41xxx.o(.text)
    CAN2_RX1_IRQHandler                      0x08000247   Thumb Code     0  startup_stm32f40_41xxx.o(.text)
    CAN2_SCE_IRQHandler                      0x08000247   Thumb Code     0  startup_stm32f40_41xxx.o(.text)
    CAN2_TX_IRQHandler                       0x08000247   Thumb Code     0  startup_stm32f40_41xxx.o(.text)
    CRYP_IRQHandler                          0x08000247   Thumb Code     0  startup_stm32f40_41xxx.o(.text)
    DCMI_IRQHandler                          0x08000247   Thumb Code     0  startup_stm32f40_41xxx.o(.text)
    DMA1_Stream0_IRQHandler                  0x08000247   Thumb Code     0  startup_stm32f40_41xxx.o(.text)
    DMA1_Stream1_IRQHandler                  0x08000247   Thumb Code     0  startup_stm32f40_41xxx.o(.text)
    DMA1_Stream2_IRQHandler                  0x08000247   Thumb Code     0  startup_stm32f40_41xxx.o(.text)
    DMA1_Stream3_IRQHandler                  0x08000247   Thumb Code     0  startup_stm32f40_41xxx.o(.text)
    DMA1_Stream4_IRQHandler                  0x08000247   Thumb Code     0  startup_stm32f40_41xxx.o(.text)
    DMA1_Stream5_IRQHandler                  0x08000247   Thumb Code     0  startup_stm32f40_41xxx.o(.text)
    DMA1_Stream6_IRQHandler                  0x08000247   Thumb Code     0  startup_stm32f40_41xxx.o(.text)
    DMA1_Stream7_IRQHandler                  0x08000247   Thumb Code     0  startup_stm32f40_41xxx.o(.text)
    DMA2_Stream0_IRQHandler                  0x08000247   Thumb Code     0  startup_stm32f40_41xxx.o(.text)
    DMA2_Stream1_IRQHandler                  0x08000247   Thumb Code     0  startup_stm32f40_41xxx.o(.text)
    DMA2_Stream2_IRQHandler                  0x08000247   Thumb Code     0  startup_stm32f40_41xxx.o(.text)
    DMA2_Stream3_IRQHandler                  0x08000247   Thumb Code     0  startup_stm32f40_41xxx.o(.text)
    DMA2_Stream4_IRQHandler                  0x08000247   Thumb Code     0  startup_stm32f40_41xxx.o(.text)
    DMA2_Stream5_IRQHandler                  0x08000247   Thumb Code     0  startup_stm32f40_41xxx.o(.text)
    DMA2_Stream6_IRQHandler                  0x08000247   Thumb Code     0  startup_stm32f40_41xxx.o(.text)
    DMA2_Stream7_IRQHandler                  0x08000247   Thumb Code     0  startup_stm32f40_41xxx.o(.text)
    ETH_IRQHandler                           0x08000247   Thumb Code     0  startup_stm32f40_41xxx.o(.text)
    ETH_WKUP_IRQHandler                      0x08000247   Thumb Code     0  startup_stm32f40_41xxx.o(.text)
    EXTI0_IRQHandler                         0x08000247   Thumb Code     0  startup_stm32f40_41xxx.o(.text)
    EXTI15_10_IRQHandler                     0x08000247   Thumb Code     0  startup_stm32f40_41xxx.o(.text)
    EXTI1_IRQHandler                         0x08000247   Thumb Code     0  startup_stm32f40_41xxx.o(.text)
    EXTI2_IRQHandler                         0x08000247   Thumb Code     0  startup_stm32f40_41xxx.o(.text)
    EXTI3_IRQHandler                         0x08000247   Thumb Code     0  startup_stm32f40_41xxx.o(.text)
    EXTI4_IRQHandler                         0x08000247   Thumb Code     0  startup_stm32f40_41xxx.o(.text)
    EXTI9_5_IRQHandler                       0x08000247   Thumb Code     0  startup_stm32f40_41xxx.o(.text)
    FLASH_IRQHandler                         0x08000247   Thumb Code     0  startup_stm32f40_41xxx.o(.text)
    FPU_IRQHandler                           0x08000247   Thumb Code     0  startup_stm32f40_41xxx.o(.text)
    FSMC_IRQHandler                          0x08000247   Thumb Code     0  startup_stm32f40_41xxx.o(.text)
    HASH_RNG_IRQHandler                      0x08000247   Thumb Code     0  startup_stm32f40_41xxx.o(.text)
    I2C1_ER_IRQHandler                       0x08000247   Thumb Code     0  startup_stm32f40_41xxx.o(.text)
    I2C1_EV_IRQHandler                       0x08000247   Thumb Code     0  startup_stm32f40_41xxx.o(.text)
    I2C2_ER_IRQHandler                       0x08000247   Thumb Code     0  startup_stm32f40_41xxx.o(.text)
    I2C2_EV_IRQHandler                       0x08000247   Thumb Code     0  startup_stm32f40_41xxx.o(.text)
    I2C3_ER_IRQHandler                       0x08000247   Thumb Code     0  startup_stm32f40_41xxx.o(.text)
    I2C3_EV_IRQHandler                       0x08000247   Thumb Code     0  startup_stm32f40_41xxx.o(.text)
    OTG_FS_IRQHandler                        0x08000247   Thumb Code     0  startup_stm32f40_41xxx.o(.text)
    OTG_FS_WKUP_IRQHandler                   0x08000247   Thumb Code     0  startup_stm32f40_41xxx.o(.text)
    OTG_HS_EP1_IN_IRQHandler                 0x08000247   Thumb Code     0  startup_stm32f40_41xxx.o(.text)
    OTG_HS_EP1_OUT_IRQHandler                0x08000247   Thumb Code     0  startup_stm32f40_41xxx.o(.text)
    OTG_HS_IRQHandler                        0x08000247   Thumb Code     0  startup_stm32f40_41xxx.o(.text)
    OTG_HS_WKUP_IRQHandler                   0x08000247   Thumb Code     0  startup_stm32f40_41xxx.o(.text)
    PVD_IRQHandler                           0x08000247   Thumb Code     0  startup_stm32f40_41xxx.o(.text)
    RCC_IRQHandler                           0x08000247   Thumb Code     0  startup_stm32f40_41xxx.o(.text)
    RTC_Alarm_IRQHandler                     0x08000247   Thumb Code     0  startup_stm32f40_41xxx.o(.text)
    RTC_WKUP_IRQHandler                      0x08000247   Thumb Code     0  startup_stm32f40_41xxx.o(.text)
    SDIO_IRQHandler                          0x08000247   Thumb Code     0  startup_stm32f40_41xxx.o(.text)
    SPI1_IRQHandler                          0x08000247   Thumb Code     0  startup_stm32f40_41xxx.o(.text)
    SPI2_IRQHandler                          0x08000247   Thumb Code     0  startup_stm32f40_41xxx.o(.text)
    SPI3_IRQHandler                          0x08000247   Thumb Code     0  startup_stm32f40_41xxx.o(.text)
    TAMP_STAMP_IRQHandler                    0x08000247   Thumb Code     0  startup_stm32f40_41xxx.o(.text)
    TIM1_BRK_TIM9_IRQHandler                 0x08000247   Thumb Code     0  startup_stm32f40_41xxx.o(.text)
    TIM1_CC_IRQHandler                       0x08000247   Thumb Code     0  startup_stm32f40_41xxx.o(.text)
    TIM1_TRG_COM_TIM11_IRQHandler            0x08000247   Thumb Code     0  startup_stm32f40_41xxx.o(.text)
    TIM1_UP_TIM10_IRQHandler                 0x08000247   Thumb Code     0  startup_stm32f40_41xxx.o(.text)
    TIM2_IRQHandler                          0x08000247   Thumb Code     0  startup_stm32f40_41xxx.o(.text)
    TIM3_IRQHandler                          0x08000247   Thumb Code     0  startup_stm32f40_41xxx.o(.text)
    TIM4_IRQHandler                          0x08000247   Thumb Code     0  startup_stm32f40_41xxx.o(.text)
    TIM5_IRQHandler                          0x08000247   Thumb Code     0  startup_stm32f40_41xxx.o(.text)
    TIM6_DAC_IRQHandler                      0x08000247   Thumb Code     0  startup_stm32f40_41xxx.o(.text)
    TIM7_IRQHandler                          0x08000247   Thumb Code     0  startup_stm32f40_41xxx.o(.text)
    TIM8_BRK_TIM12_IRQHandler                0x08000247   Thumb Code     0  startup_stm32f40_41xxx.o(.text)
    TIM8_CC_IRQHandler                       0x08000247   Thumb Code     0  startup_stm32f40_41xxx.o(.text)
    TIM8_TRG_COM_TIM14_IRQHandler            0x08000247   Thumb Code     0  startup_stm32f40_41xxx.o(.text)
    TIM8_UP_TIM13_IRQHandler                 0x08000247   Thumb Code     0  startup_stm32f40_41xxx.o(.text)
    UART4_IRQHandler                         0x08000247   Thumb Code     0  startup_stm32f40_41xxx.o(.text)
    UART5_IRQHandler                         0x08000247   Thumb Code     0  startup_stm32f40_41xxx.o(.text)
    USART1_IRQHandler                        0x08000247   Thumb Code     0  startup_stm32f40_41xxx.o(.text)
    USART3_IRQHandler                        0x08000247   Thumb Code     0  startup_stm32f40_41xxx.o(.text)
    WWDG_IRQHandler                          0x08000247   Thumb Code     0  startup_stm32f40_41xxx.o(.text)
    __user_initial_stackheap                 0x08000249   Thumb Code     0  startup_stm32f40_41xxx.o(.text)
    OS_CPU_SR_Save                           0x0800026d   Thumb Code     0  os_cpu_a.o(.text)
    OS_CPU_SR_Restore                        0x08000275   Thumb Code     0  os_cpu_a.o(.text)
    OSStartHighRdy                           0x0800027b   Thumb Code     0  os_cpu_a.o(.text)
    OSCtxSw                                  0x0800029f   Thumb Code     0  os_cpu_a.o(.text)
    OSIntCtxSw                               0x080002ad   Thumb Code     0  os_cpu_a.o(.text)
    PendSV_Handler                           0x080002bd   Thumb Code     0  os_cpu_a.o(.text)
    __use_no_semihosting                     0x08000335   Thumb Code     2  use_no_semi_2.o(.text)
    __2printf                                0x08000339   Thumb Code    20  noretval__2printf.o(.text)
    __printf                                 0x08000351   Thumb Code   104  __printf.o(.text)
    strlen                                   0x080003b9   Thumb Code    62  strlen.o(.text)
    __use_two_region_memory                  0x080003f7   Thumb Code     2  heapauxi.o(.text)
    __rt_heap_escrow$2region                 0x080003f9   Thumb Code     2  heapauxi.o(.text)
    __rt_heap_expand$2region                 0x080003fb   Thumb Code     2  heapauxi.o(.text)
    __I$use$semihosting                      0x080003fd   Thumb Code     0  use_no_semi.o(.text)
    __use_no_semihosting_swi                 0x080003fd   Thumb Code     2  use_no_semi.o(.text)
    _printf_char_file                        0x08000401   Thumb Code    32  _printf_char_file.o(.text)
    _printf_char_common                      0x0800042f   Thumb Code    32  _printf_char_common.o(.text)
    ferror                                   0x08000455   Thumb Code     8  ferror.o(.text)
    __user_setup_stackheap                   0x0800045d   Thumb Code    74  sys_stackheap_outer.o(.text)
    exit                                     0x080004a7   Thumb Code    12  exit.o(.text)
    __user_libspace                          0x080004b5   Thumb Code     8  libspace.o(.text)
    __user_perproc_libspace                  0x080004b5   Thumb Code     0  libspace.o(.text)
    __user_perthread_libspace                0x080004b5   Thumb Code     0  libspace.o(.text)
    BusFault_Handler                         0x080004bd   Thumb Code     4  stm32f4xx_it.o(i.BusFault_Handler)
    Config_Init                              0x080004c1   Thumb Code    24  gpio_init.o(i.Config_Init)
    DebugMon_Handler                         0x080004d9   Thumb Code     2  stm32f4xx_it.o(i.DebugMon_Handler)
    DrawTestPage                             0x080004dd   Thumb Code   136  display.o(i.DrawTestPage)
    GPIO_Init                                0x0800057d   Thumb Code   144  stm32f4xx_gpio.o(i.GPIO_Init)
    GPIO_PinAFConfig                         0x0800060d   Thumb Code    70  stm32f4xx_gpio.o(i.GPIO_PinAFConfig)
    GPIO_ResetBits                           0x08000653   Thumb Code     4  stm32f4xx_gpio.o(i.GPIO_ResetBits)
    GPIO_SetBits                             0x08000657   Thumb Code     4  stm32f4xx_gpio.o(i.GPIO_SetBits)
    GUI_DrawFont16                           0x0800065d   Thumb Code   254  gui.o(i.GUI_DrawFont16)
    Gui_StrCenter                            0x08000769   Thumb Code    68  gui.o(i.Gui_StrCenter)
    HardFault_Handler                        0x080007b1   Thumb Code     4  stm32f4xx_it.o(i.HardFault_Handler)
    LCD_Clear                                0x080007b5   Thumb Code    82  lcd.o(i.LCD_Clear)
    LCD_DrawLine                             0x08000815   Thumb Code   176  gui.o(i.LCD_DrawLine)
    LCD_DrawPoint                            0x080008c5   Thumb Code    54  lcd.o(i.LCD_DrawPoint)
    LCD_DrawPoint_16Bit                      0x08000909   Thumb Code    32  lcd.o(i.LCD_DrawPoint_16Bit)
    LCD_DrawRectangle                        0x08000931   Thumb Code    64  gui.o(i.LCD_DrawRectangle)
    LCD_Fill                                 0x08000971   Thumb Code   146  gui.o(i.LCD_Fill)
    LCD_GPIOInit                             0x08000a11   Thumb Code    84  gpio_init.o(i.LCD_GPIOInit)
    LCD_Init                                 0x08000a71   Thumb Code  2466  lcd.o(i.LCD_Init)
    LCD_RESET                                0x08001421   Thumb Code    30  lcd.o(i.LCD_RESET)
    LCD_SetCursor                            0x08001445   Thumb Code   292  lcd.o(i.LCD_SetCursor)
    LCD_SetParam                             0x08001575   Thumb Code    42  lcd.o(i.LCD_SetParam)
    LCD_SetWindows                           0x080015a5   Thumb Code   294  lcd.o(i.LCD_SetWindows)
    LCD_ShowChar                             0x080016d9   Thumb Code   276  gui.o(i.LCD_ShowChar)
    LCD_WR_REG                               0x080017fd   Thumb Code    30  lcd.o(i.LCD_WR_REG)
    LCD_WriteRAM_Prepare                     0x08001825   Thumb Code    12  lcd.o(i.LCD_WriteRAM_Prepare)
    LCD_WriteReg                             0x08001835   Thumb Code    44  lcd.o(i.LCD_WriteReg)
    LED_Circle                               0x08001869   Thumb Code    94  led_effect.o(i.LED_Circle)
    LED_Init                                 0x080018d9   Thumb Code    40  gpio_init.o(i.LED_Init)
    MemManage_Handler                        0x08001909   Thumb Code     4  stm32f4xx_it.o(i.MemManage_Handler)
    NMI_Handler                              0x0800190d   Thumb Code     2  stm32f4xx_it.o(i.NMI_Handler)
    NVIC_Init                                0x08001911   Thumb Code   106  misc.o(i.NVIC_Init)
    NVIC_PriorityGroupConfig                 0x08001989   Thumb Code    10  misc.o(i.NVIC_PriorityGroupConfig)
    OSInit                                   0x0800199d   Thumb Code    44  os_core.o(i.OSInit)
    OSInitHookBegin                          0x080019c9   Thumb Code     2  os_cpu_c.o(i.OSInitHookBegin)
    OSInitHookEnd                            0x080019cb   Thumb Code     2  os_cpu_c.o(i.OSInitHookEnd)
    OSIntEnter                               0x080019cd   Thumb Code    28  os_core.o(i.OSIntEnter)
    OSIntExit                                0x080019f1   Thumb Code   112  os_core.o(i.OSIntExit)
    OSSchedLock                              0x08001a81   Thumb Code    50  os_core.o(i.OSSchedLock)
    OSSchedUnlock                            0x08001ac1   Thumb Code    82  os_core.o(i.OSSchedUnlock)
    OSStart                                  0x08001b21   Thumb Code    48  os_core.o(i.OSStart)
    OSTCBInitHook                            0x08001b69   Thumb Code     2  os_cpu_c.o(i.OSTCBInitHook)
    OSTaskCreate                             0x08001b6d   Thumb Code   148  os_task.o(i.OSTaskCreate)
    OSTaskCreateExt                          0x08001c0d   Thumb Code   170  os_task.o(i.OSTaskCreateExt)
    OSTaskCreateHook                         0x08001cc5   Thumb Code     2  os_cpu_c.o(i.OSTaskCreateHook)
    OSTaskDel                                0x08001cc9   Thumb Code   294  os_task.o(i.OSTaskDel)
    OSTaskDelHook                            0x08001e1d   Thumb Code     2  os_cpu_c.o(i.OSTaskDelHook)
    OSTaskIdleHook                           0x08001e1f   Thumb Code     2  os_cpu_c.o(i.OSTaskIdleHook)
    OSTaskNameSet                            0x08001e21   Thumb Code    98  os_task.o(i.OSTaskNameSet)
    OSTaskReturnHook                         0x08001e91   Thumb Code     2  os_cpu_c.o(i.OSTaskReturnHook)
    OSTaskStatHook                           0x08001e93   Thumb Code     2  os_cpu_c.o(i.OSTaskStatHook)
    OSTaskStkChk                             0x08001e95   Thumb Code   132  os_task.o(i.OSTaskStkChk)
    OSTaskStkInit                            0x08001f21   Thumb Code   426  os_cpu_c.o(i.OSTaskStkInit)
    OSTaskSuspend                            0x080020d1   Thumb Code   152  os_task.o(i.OSTaskSuspend)
    OSTaskSwHook                             0x08002179   Thumb Code     2  os_cpu_c.o(i.OSTaskSwHook)
    OSTimeDly                                0x0800217d   Thumb Code   100  os_time.o(i.OSTimeDly)
    OSTimeTick                               0x080021f5   Thumb Code   210  os_core.o(i.OSTimeTick)
    OSTimeTickHook                           0x080022e1   Thumb Code     2  os_cpu_c.o(i.OSTimeTickHook)
    OS_Dummy                                 0x080022e3   Thumb Code     2  os_core.o(i.OS_Dummy)
    OS_EventTaskRemove                       0x080022e5   Thumb Code    42  os_core.o(i.OS_EventTaskRemove)
    OS_FlagInit                              0x08002311   Thumb Code    74  os_flag.o(i.OS_FlagInit)
    OS_FlagUnlink                            0x08002369   Thumb Code    36  os_flag.o(i.OS_FlagUnlink)
    OS_MemClr                                0x08002599   Thumb Code    18  os_core.o(i.OS_MemClr)
    OS_QInit                                 0x080025ad   Thumb Code    72  os_q.o(i.OS_QInit)
    OS_Sched                                 0x080025fd   Thumb Code    88  os_core.o(i.OS_Sched)
    OS_TCBInit                               0x0800269d   Thumb Code   278  os_core.o(i.OS_TCBInit)
    OS_TaskIdle                              0x080027d1   Thumb Code    34  os_core.o(i.OS_TaskIdle)
    OS_TaskReturn                            0x080027f9   Thumb Code    18  os_task.o(i.OS_TaskReturn)
    OS_TaskStat                              0x08002811   Thumb Code   116  os_core.o(i.OS_TaskStat)
    OS_TaskStatStkChk                        0x08002899   Thumb Code    54  os_core.o(i.OS_TaskStatStkChk)
    OS_TaskStkClr                            0x080028d5   Thumb Code    26  os_task.o(i.OS_TaskStkClr)
    RCC_AHB1PeriphClockCmd                   0x080028f1   Thumb Code    26  stm32f4xx_rcc.o(i.RCC_AHB1PeriphClockCmd)
    RCC_APB1PeriphClockCmd                   0x08002911   Thumb Code    26  stm32f4xx_rcc.o(i.RCC_APB1PeriphClockCmd)
    RCC_APB2PeriphClockCmd                   0x08002931   Thumb Code    26  stm32f4xx_rcc.o(i.RCC_APB2PeriphClockCmd)
    RCC_GetClocksFreq                        0x08002951   Thumb Code   214  stm32f4xx_rcc.o(i.RCC_GetClocksFreq)
    SVC_Handler                              0x08002a39   Thumb Code     2  stm32f4xx_it.o(i.SVC_Handler)
    Show_Str                                 0x08002b29   Thumb Code   256  gui.o(i.Show_Str)
    StartTask                                0x08002c2d   Thumb Code   102  main.o(i.StartTask)
    SysTick_CLKSourceConfig                  0x08002d19   Thumb Code    40  misc.o(i.SysTick_CLKSourceConfig)
    SysTick_Handler                          0x08002d41   Thumb Code    16  utils.o(i.SysTick_Handler)
    SystemInit                               0x08002d51   Thumb Code    88  system_stm32f4xx.o(i.SystemInit)
    USART2_IRQHandler                        0x08002db9   Thumb Code   374  stm32f4xx_it.o(i.USART2_IRQHandler)
    USART2_Init                              0x08002f45   Thumb Code    72  gpio_init.o(i.USART2_Init)
    USART6_IRQHandler                        0x08002f95   Thumb Code   112  stm32f4xx_it.o(i.USART6_IRQHandler)
    USART6_Init                              0x08003011   Thumb Code    72  gpio_init.o(i.USART6_Init)
    USART_Cmd                                0x08003061   Thumb Code    24  stm32f4xx_usart.o(i.USART_Cmd)
    USART_Config                             0x08003079   Thumb Code   212  usart.o(i.USART_Config)
    USART_GetITStatus                        0x08003155   Thumb Code    84  stm32f4xx_usart.o(i.USART_GetITStatus)
    USART_ITConfig                           0x080031a9   Thumb Code    74  stm32f4xx_usart.o(i.USART_ITConfig)
    USART_Init                               0x080031f5   Thumb Code   204  stm32f4xx_usart.o(i.USART_Init)
    USART_ReceiveData                        0x080032c9   Thumb Code    10  stm32f4xx_usart.o(i.USART_ReceiveData)
    USART_SendData                           0x080032d3   Thumb Code     8  stm32f4xx_usart.o(i.USART_SendData)
    UsageFault_Handler                       0x080032db   Thumb Code     4  stm32f4xx_it.o(i.UsageFault_Handler)
    WiFiCmd                                  0x080032e1   Thumb Code    84  wifiinit.o(i.WiFiCmd)
    WiFiListener                             0x08003341   Thumb Code   126  wifilistener.o(i.WiFiListener)
    WiFiListenerTask                         0x08003459   Thumb Code    14  main.o(i.WiFiListenerTask)
    WiFiStartConnection                      0x08003469   Thumb Code   330  wifiinit.o(i.WiFiStartConnection)
    _sys_exit                                0x08003759   Thumb Code     4  utils.o(i._sys_exit)
    delay_init                               0x0800375d   Thumb Code    76  utils.o(i.delay_init)
    delay_ms                                 0x080037b1   Thumb Code    68  utils.o(i.delay_ms)
    delay_us                                 0x08003801   Thumb Code    86  utils.o(i.delay_us)
    display_info                             0x0800385d   Thumb Code    60  display.o(i.display_info)
    display_now                              0x0800389d   Thumb Code   102  display.o(i.display_now)
    display_title                            0x08003969   Thumb Code    54  display.o(i.display_title)
    display_welcome                          0x080039a5   Thumb Code   214  display.o(i.display_welcome)
    fputc                                    0x08003b1d   Thumb Code    36  utils.o(i.fputc)
    getcontent                               0x08003b45   Thumb Code   118  utils.o(i.getcontent)
    main                                     0x08003bbd   Thumb Code   110  main.o(i.main)
    sendString                               0x08003c41   Thumb Code    18  utils.o(i.sendString)
    startinfo                                0x08003c59   Thumb Code   116  ttl_display.o(i.startinfo)
    word_tips                                0x08003eb1   Thumb Code    54  display.o(i.word_tips)
    _fp_init                                 0x08003eed   Thumb Code    10  fpinit.o(x$fpl$fpinit)
    __fplib_config_fpu_vfp                   0x08003ef5   Thumb Code     0  fpinit.o(x$fpl$fpinit)
    __fplib_config_pureend_doubles           0x08003ef5   Thumb Code     0  fpinit.o(x$fpl$fpinit)
    asc2_1206                                0x08003ef6   Data        1140  gui.o(.constdata)
    asc2_1608                                0x0800436a   Data        1520  gui.o(.constdata)
    tfont16                                  0x0800495a   Data       128282  gui.o(.constdata)
    OSUnMapTbl                               0x08023e74   Data         256  os_core.o(.constdata)
    Region$$Table$$Base                      0x08023f74   Number         0  anon$$obj.o(Region$$Table)
    Region$$Table$$Limit                     0x08023f94   Number         0  anon$$obj.o(Region$$Table)
    led_num                                  0x20000000   Data           4  led_effect.o(.data)
    i                                        0x20000004   Data           4  led_effect.o(.data)
    led                                      0x20000008   Data           8  led_effect.o(.data)
    USART6_RX_STA                            0x20000010   Data           2  stm32f4xx_it.o(.data)
    status                                   0x20000012   Data           1  stm32f4xx_it.o(.data)
    USART2_RX_STA                            0x20000014   Data           2  stm32f4xx_it.o(.data)
    USARTX                                   0x20000018   Data           4  utils.o(.data)
    __stdout                                 0x2000001c   Data           4  utils.o(.data)
    dis_status                               0x20000034   Data           1  main.o(.data)
    SystemCoreClock                          0x20000038   Data           4  system_stm32f4xx.o(.data)
    AHBPrescTable                            0x2000003c   Data          16  system_stm32f4xx.o(.data)
    GPIO_InitStructure                       0x2000004c   Data           8  gpio_init.o(.data)
    POINT_COLOR                              0x20000054   Data           2  lcd.o(.data)
    BACK_COLOR                               0x20000056   Data           2  lcd.o(.data)
    DeviceCode                               0x20000058   Data           2  lcd.o(.data)
    OSCtxSwCtr                               0x2000005c   Data           4  os_core.o(.data)
    OSEventFreeList                          0x20000060   Data           4  os_core.o(.data)
    OSFlagFreeList                           0x20000064   Data           4  os_core.o(.data)
    OSCPUUsage                               0x20000068   Data           1  os_core.o(.data)
    OSIdleCtrMax                             0x2000006c   Data           4  os_core.o(.data)
    OSIdleCtrRun                             0x20000070   Data           4  os_core.o(.data)
    OSStatRdy                                0x20000074   Data           1  os_core.o(.data)
    OSIntNesting                             0x20000075   Data           1  os_core.o(.data)
    OSLockNesting                            0x20000076   Data           1  os_core.o(.data)
    OSPrioCur                                0x20000077   Data           1  os_core.o(.data)
    OSPrioHighRdy                            0x20000078   Data           1  os_core.o(.data)
    OSRdyGrp                                 0x20000079   Data           1  os_core.o(.data)
    OSRdyTbl                                 0x2000007a   Data           8  os_core.o(.data)
    OSRunning                                0x20000082   Data           1  os_core.o(.data)
    OSTaskCtr                                0x20000083   Data           1  os_core.o(.data)
    OSIdleCtr                                0x20000084   Data           4  os_core.o(.data)
    OSTCBCur                                 0x20000088   Data           4  os_core.o(.data)
    OSTCBFreeList                            0x2000008c   Data           4  os_core.o(.data)
    OSTCBHighRdy                             0x20000090   Data           4  os_core.o(.data)
    OSTCBList                                0x20000094   Data           4  os_core.o(.data)
    OSTickStepState                          0x20000098   Data           1  os_core.o(.data)
    OSQFreeList                              0x2000009c   Data           4  os_core.o(.data)
    OSTime                                   0x200000a0   Data           4  os_core.o(.data)
    USART6_RX_BUF                            0x200000a4   Data       10240  stm32f4xx_it.o(.bss)
    USART2_RX_BUF                            0x200028a4   Data       10240  stm32f4xx_it.o(.bss)
    temp                                     0x200050a4   Data       10240  wifilistener.o(.bss)
    temp1                                    0x200078a4   Data       10240  wifilistener.o(.bss)
    START_TASK_STK                           0x2000a0a4   Data         512  main.o(.bss)
    WiFiListenerTask_TASK_STK                0x2000a2a4   Data         512  main.o(.bss)
    lcddev                                   0x2000a4a4   Data          14  lcd.o(.bss)
    OSEventTbl                               0x2000a4b4   Data         200  os_core.o(.bss)
    OSFlagTbl                                0x2000a57c   Data          80  os_core.o(.bss)
    OSTaskStatStk                            0x2000a5cc   Data         512  os_core.o(.bss)
    OSTaskIdleStk                            0x2000a7cc   Data         512  os_core.o(.bss)
    OSTCBPrioTbl                             0x2000a9cc   Data         256  os_core.o(.bss)
    OSTCBTbl                                 0x2000aacc   Data        1008  os_core.o(.bss)
    OSQTbl                                   0x2000aebc   Data         120  os_core.o(.bss)
    __libspace_start                         0x2000af34   Data          96  libspace.o(.bss)
    __temporary_stack_top$libspace           0x2000af94   Data           0  libspace.o(.bss)



==============================================================================

Memory Map of the image

  Image Entry point : 0x08000189

  Load Region LR_IROM1 (Base: 0x08000000, Size: 0x00024038, Max: 0x00100000, ABSOLUTE)

    Execution Region ER_IROM1 (Base: 0x08000000, Size: 0x00023f94, Max: 0x00100000, ABSOLUTE)

    Base Addr    Size         Type   Attr      Idx    E Section Name        Object

    0x08000000   0x00000188   Data   RO          640    RESET               startup_stm32f40_41xxx.o
    0x08000188   0x00000008   Code   RO         2388  * !!!main             c_w.l(__main.o)
    0x08000190   0x00000034   Code   RO         2551    !!!scatter          c_w.l(__scatter.o)
    0x080001c4   0x0000001a   Code   RO         2553    !!handler_copy      c_w.l(__scatter_copy.o)
    0x080001de   0x00000002   PAD
    0x080001e0   0x0000001c   Code   RO         2555    !!handler_zi        c_w.l(__scatter_zi.o)
    0x080001fc   0x00000000   Code   RO         2383    .ARM.Collect$$_printf_percent$$00000000  c_w.l(_printf_percent.o)
    0x080001fc   0x00000004   Code   RO         2395    .ARM.Collect$$_printf_percent$$00000017  c_w.l(_printf_percent_end.o)
    0x08000200   0x00000002   Code   RO         2428    .ARM.Collect$$libinit$$00000000  c_w.l(libinit.o)
    0x08000202   0x00000004   Code   RO         2434    .ARM.Collect$$libinit$$00000001  c_w.l(libinit2.o)
    0x08000206   0x00000000   Code   RO         2438    .ARM.Collect$$libinit$$00000008  c_w.l(libinit2.o)
    0x08000206   0x00000000   Code   RO         2440    .ARM.Collect$$libinit$$0000000A  c_w.l(libinit2.o)
    0x08000206   0x00000000   Code   RO         2442    .ARM.Collect$$libinit$$0000000C  c_w.l(libinit2.o)
    0x08000206   0x00000000   Code   RO         2445    .ARM.Collect$$libinit$$0000000F  c_w.l(libinit2.o)
    0x08000206   0x00000000   Code   RO         2447    .ARM.Collect$$libinit$$00000011  c_w.l(libinit2.o)
    0x08000206   0x00000000   Code   RO         2449    .ARM.Collect$$libinit$$00000013  c_w.l(libinit2.o)
    0x08000206   0x00000000   Code   RO         2451    .ARM.Collect$$libinit$$00000015  c_w.l(libinit2.o)
    0x08000206   0x00000000   Code   RO         2453    .ARM.Collect$$libinit$$00000017  c_w.l(libinit2.o)
    0x08000206   0x00000000   Code   RO         2455    .ARM.Collect$$libinit$$00000019  c_w.l(libinit2.o)
    0x08000206   0x00000000   Code   RO         2457    .ARM.Collect$$libinit$$0000001B  c_w.l(libinit2.o)
    0x08000206   0x00000000   Code   RO         2459    .ARM.Collect$$libinit$$0000001D  c_w.l(libinit2.o)
    0x08000206   0x00000000   Code   RO         2461    .ARM.Collect$$libinit$$0000001F  c_w.l(libinit2.o)
    0x08000206   0x00000000   Code   RO         2463    .ARM.Collect$$libinit$$00000021  c_w.l(libinit2.o)
    0x08000206   0x00000000   Code   RO         2465    .ARM.Collect$$libinit$$00000023  c_w.l(libinit2.o)
    0x08000206   0x00000000   Code   RO         2469    .ARM.Collect$$libinit$$0000002A  c_w.l(libinit2.o)
    0x08000206   0x00000000   Code   RO         2471    .ARM.Collect$$libinit$$0000002C  c_w.l(libinit2.o)
    0x08000206   0x00000000   Code   RO         2473    .ARM.Collect$$libinit$$0000002E  c_w.l(libinit2.o)
    0x08000206   0x00000000   Code   RO         2475    .ARM.Collect$$libinit$$00000030  c_w.l(libinit2.o)
    0x08000206   0x00000002   Code   RO         2476    .ARM.Collect$$libinit$$00000031  c_w.l(libinit2.o)
    0x08000208   0x00000002   Code   RO         2494    .ARM.Collect$$libshutdown$$00000000  c_w.l(libshutdown.o)
    0x0800020a   0x00000000   Code   RO         2505    .ARM.Collect$$libshutdown$$00000003  c_w.l(libshutdown2.o)
    0x0800020a   0x00000000   Code   RO         2508    .ARM.Collect$$libshutdown$$00000006  c_w.l(libshutdown2.o)
    0x0800020a   0x00000000   Code   RO         2511    .ARM.Collect$$libshutdown$$00000009  c_w.l(libshutdown2.o)
    0x0800020a   0x00000000   Code   RO         2513    .ARM.Collect$$libshutdown$$0000000B  c_w.l(libshutdown2.o)
    0x0800020a   0x00000000   Code   RO         2516    .ARM.Collect$$libshutdown$$0000000E  c_w.l(libshutdown2.o)
    0x0800020a   0x00000002   Code   RO         2517    .ARM.Collect$$libshutdown$$0000000F  c_w.l(libshutdown2.o)
    0x0800020c   0x00000000   Code   RO         2392    .ARM.Collect$$rtentry$$00000000  c_w.l(rtentry.o)
    0x0800020c   0x00000000   Code   RO         2397    .ARM.Collect$$rtentry$$00000002  c_w.l(rtentry2.o)
    0x0800020c   0x00000006   Code   RO         2409    .ARM.Collect$$rtentry$$00000004  c_w.l(rtentry4.o)
    0x08000212   0x00000000   Code   RO         2399    .ARM.Collect$$rtentry$$00000009  c_w.l(rtentry2.o)
    0x08000212   0x00000004   Code   RO         2400    .ARM.Collect$$rtentry$$0000000A  c_w.l(rtentry2.o)
    0x08000216   0x00000000   Code   RO         2402    .ARM.Collect$$rtentry$$0000000C  c_w.l(rtentry2.o)
    0x08000216   0x00000008   Code   RO         2403    .ARM.Collect$$rtentry$$0000000D  c_w.l(rtentry2.o)
    0x0800021e   0x00000002   Code   RO         2432    .ARM.Collect$$rtexit$$00000000  c_w.l(rtexit.o)
    0x08000220   0x00000000   Code   RO         2478    .ARM.Collect$$rtexit$$00000002  c_w.l(rtexit2.o)
    0x08000220   0x00000004   Code   RO         2479    .ARM.Collect$$rtexit$$00000003  c_w.l(rtexit2.o)
    0x08000224   0x00000006   Code   RO         2480    .ARM.Collect$$rtexit$$00000004  c_w.l(rtexit2.o)
    0x0800022a   0x00000002   PAD
    0x0800022c   0x00000040   Code   RO          641    .text               startup_stm32f40_41xxx.o
    0x0800026c   0x000000c8   Code   RO         2350    .text               os_cpu_a.o
    0x08000334   0x00000002   Code   RO         2355    .text               c_w.l(use_no_semi_2.o)
    0x08000336   0x00000002   PAD
    0x08000338   0x00000018   Code   RO         2359    .text               c_w.l(noretval__2printf.o)
    0x08000350   0x00000068   Code   RO         2361    .text               c_w.l(__printf.o)
    0x080003b8   0x0000003e   Code   RO         2384    .text               c_w.l(strlen.o)
    0x080003f6   0x00000006   Code   RO         2386    .text               c_w.l(heapauxi.o)
    0x080003fc   0x00000002   Code   RO         2390    .text               c_w.l(use_no_semi.o)
    0x080003fe   0x00000002   PAD
    0x08000400   0x00000024   Code   RO         2393    .text               c_w.l(_printf_char_file.o)
    0x08000424   0x00000030   Code   RO         2411    .text               c_w.l(_printf_char_common.o)
    0x08000454   0x00000008   Code   RO         2413    .text               c_w.l(ferror.o)
    0x0800045c   0x0000004a   Code   RO         2417    .text               c_w.l(sys_stackheap_outer.o)
    0x080004a6   0x0000000c   Code   RO         2421    .text               c_w.l(exit.o)
    0x080004b2   0x00000002   PAD
    0x080004b4   0x00000008   Code   RO         2429    .text               c_w.l(libspace.o)
    0x080004bc   0x00000004   Code   RO          186    i.BusFault_Handler  stm32f4xx_it.o
    0x080004c0   0x00000018   Code   RO         1391    i.Config_Init       gpio_init.o
    0x080004d8   0x00000002   Code   RO          187    i.DebugMon_Handler  stm32f4xx_it.o
    0x080004da   0x00000002   PAD
    0x080004dc   0x000000a0   Code   RO          580    i.DrawTestPage      display.o
    0x0800057c   0x00000090   Code   RO          692    i.GPIO_Init         stm32f4xx_gpio.o
    0x0800060c   0x00000046   Code   RO          693    i.GPIO_PinAFConfig  stm32f4xx_gpio.o
    0x08000652   0x00000004   Code   RO          699    i.GPIO_ResetBits    stm32f4xx_gpio.o
    0x08000656   0x00000004   Code   RO          700    i.GPIO_SetBits      stm32f4xx_gpio.o
    0x0800065a   0x00000002   PAD
    0x0800065c   0x0000010c   Code   RO          464    i.GUI_DrawFont16    gui.o
    0x08000768   0x00000048   Code   RO          467    i.Gui_StrCenter     gui.o
    0x080007b0   0x00000004   Code   RO          188    i.HardFault_Handler  stm32f4xx_it.o
    0x080007b4   0x00000060   Code   RO         1461    i.LCD_Clear         lcd.o
    0x08000814   0x000000b0   Code   RO          469    i.LCD_DrawLine      gui.o
    0x080008c4   0x00000044   Code   RO         1462    i.LCD_DrawPoint     lcd.o
    0x08000908   0x00000028   Code   RO         1463    i.LCD_DrawPoint_16Bit  lcd.o
    0x08000930   0x00000040   Code   RO          470    i.LCD_DrawRectangle  gui.o
    0x08000970   0x000000a0   Code   RO          471    i.LCD_Fill          gui.o
    0x08000a10   0x00000060   Code   RO         1392    i.LCD_GPIOInit      gpio_init.o
    0x08000a70   0x000009b0   Code   RO         1464    i.LCD_Init          lcd.o
    0x08001420   0x00000024   Code   RO         1465    i.LCD_RESET         lcd.o
    0x08001444   0x00000130   Code   RO         1466    i.LCD_SetCursor     lcd.o
    0x08001574   0x00000030   Code   RO         1467    i.LCD_SetParam      lcd.o
    0x080015a4   0x00000134   Code   RO         1468    i.LCD_SetWindows    lcd.o
    0x080016d8   0x00000124   Code   RO          472    i.LCD_ShowChar      gui.o
    0x080017fc   0x00000028   Code   RO         1469    i.LCD_WR_REG        lcd.o
    0x08001824   0x00000010   Code   RO         1470    i.LCD_WriteRAM_Prepare  lcd.o
    0x08001834   0x00000034   Code   RO         1471    i.LCD_WriteReg      lcd.o
    0x08001868   0x00000070   Code   RO          143    i.LED_Circle        led_effect.o
    0x080018d8   0x00000030   Code   RO         1393    i.LED_Init          gpio_init.o
    0x08001908   0x00000004   Code   RO          189    i.MemManage_Handler  stm32f4xx_it.o
    0x0800190c   0x00000002   Code   RO          190    i.NMI_Handler       stm32f4xx_it.o
    0x0800190e   0x00000002   PAD
    0x08001910   0x00000078   Code   RO          647    i.NVIC_Init         misc.o
    0x08001988   0x00000014   Code   RO          648    i.NVIC_PriorityGroupConfig  misc.o
    0x0800199c   0x0000002c   Code   RO         1548    i.OSInit            os_core.o
    0x080019c8   0x00000002   Code   RO         2262    i.OSInitHookBegin   os_cpu_c.o
    0x080019ca   0x00000002   Code   RO         2263    i.OSInitHookEnd     os_cpu_c.o
    0x080019cc   0x00000024   Code   RO         1549    i.OSIntEnter        os_core.o
    0x080019f0   0x00000090   Code   RO         1550    i.OSIntExit         os_core.o
    0x08001a80   0x00000040   Code   RO         1551    i.OSSchedLock       os_core.o
    0x08001ac0   0x00000060   Code   RO         1552    i.OSSchedUnlock     os_core.o
    0x08001b20   0x00000048   Code   RO         1553    i.OSStart           os_core.o
    0x08001b68   0x00000002   Code   RO         2264    i.OSTCBInitHook     os_cpu_c.o
    0x08001b6a   0x00000002   PAD
    0x08001b6c   0x000000a0   Code   RO         2101    i.OSTaskCreate      os_task.o
    0x08001c0c   0x000000b8   Code   RO         2102    i.OSTaskCreateExt   os_task.o
    0x08001cc4   0x00000002   Code   RO         2265    i.OSTaskCreateHook  os_cpu_c.o
    0x08001cc6   0x00000002   PAD
    0x08001cc8   0x00000154   Code   RO         2103    i.OSTaskDel         os_task.o
    0x08001e1c   0x00000002   Code   RO         2266    i.OSTaskDelHook     os_cpu_c.o
    0x08001e1e   0x00000002   Code   RO         2267    i.OSTaskIdleHook    os_cpu_c.o
    0x08001e20   0x00000070   Code   RO         2106    i.OSTaskNameSet     os_task.o
    0x08001e90   0x00000002   Code   RO         2268    i.OSTaskReturnHook  os_cpu_c.o
    0x08001e92   0x00000002   Code   RO         2269    i.OSTaskStatHook    os_cpu_c.o
    0x08001e94   0x0000008c   Code   RO         2111    i.OSTaskStkChk      os_task.o
    0x08001f20   0x000001b0   Code   RO         2270    i.OSTaskStkInit     os_cpu_c.o
    0x080020d0   0x000000a8   Code   RO         2112    i.OSTaskSuspend     os_task.o
    0x08002178   0x00000002   Code   RO         2271    i.OSTaskSwHook      os_cpu_c.o
    0x0800217a   0x00000002   PAD
    0x0800217c   0x00000078   Code   RO         2204    i.OSTimeDly         os_time.o
    0x080021f4   0x000000ec   Code   RO         1555    i.OSTimeTick        os_core.o
    0x080022e0   0x00000002   Code   RO         2272    i.OSTimeTickHook    os_cpu_c.o
    0x080022e2   0x00000002   Code   RO         1557    i.OS_Dummy          os_core.o
    0x080022e4   0x0000002a   Code   RO         1559    i.OS_EventTaskRemove  os_core.o
    0x0800230e   0x00000002   PAD
    0x08002310   0x00000058   Code   RO         1747    i.OS_FlagInit       os_flag.o
    0x08002368   0x00000024   Code   RO         1749    i.OS_FlagUnlink     os_flag.o
    0x0800238c   0x00000054   Code   RO         1562    i.OS_InitEventList  os_core.o
    0x080023e0   0x00000054   Code   RO         1563    i.OS_InitMisc       os_core.o
    0x08002434   0x00000044   Code   RO         1564    i.OS_InitRdyList    os_core.o
    0x08002478   0x00000080   Code   RO         1565    i.OS_InitTCBList    os_core.o
    0x080024f8   0x00000050   Code   RO         1566    i.OS_InitTaskIdle   os_core.o
    0x08002548   0x00000050   Code   RO         1567    i.OS_InitTaskStat   os_core.o
    0x08002598   0x00000012   Code   RO         1568    i.OS_MemClr         os_core.o
    0x080025aa   0x00000002   PAD
    0x080025ac   0x00000050   Code   RO         1968    i.OS_QInit          os_q.o
    0x080025fc   0x00000074   Code   RO         1570    i.OS_Sched          os_core.o
    0x08002670   0x0000002c   Code   RO         1571    i.OS_SchedNew       os_core.o
    0x0800269c   0x00000134   Code   RO         1573    i.OS_TCBInit        os_core.o
    0x080027d0   0x00000028   Code   RO         1574    i.OS_TaskIdle       os_core.o
    0x080027f8   0x00000018   Code   RO         2113    i.OS_TaskReturn     os_task.o
    0x08002810   0x00000088   Code   RO         1575    i.OS_TaskStat       os_core.o
    0x08002898   0x0000003c   Code   RO         1576    i.OS_TaskStatStkChk  os_core.o
    0x080028d4   0x0000001a   Code   RO         2114    i.OS_TaskStkClr     os_task.o
    0x080028ee   0x00000002   PAD
    0x080028f0   0x00000020   Code   RO          789    i.RCC_AHB1PeriphClockCmd  stm32f4xx_rcc.o
    0x08002910   0x00000020   Code   RO          798    i.RCC_APB1PeriphClockCmd  stm32f4xx_rcc.o
    0x08002930   0x00000020   Code   RO          801    i.RCC_APB2PeriphClockCmd  stm32f4xx_rcc.o
    0x08002950   0x000000e8   Code   RO          810    i.RCC_GetClocksFreq  stm32f4xx_rcc.o
    0x08002a38   0x00000002   Code   RO          191    i.SVC_Handler       stm32f4xx_it.o
    0x08002a3a   0x00000002   PAD
    0x08002a3c   0x000000ec   Code   RO         1354    i.SetSysClock       system_stm32f4xx.o
    0x08002b28   0x00000104   Code   RO          475    i.Show_Str          gui.o
    0x08002c2c   0x000000ec   Code   RO         1311    i.StartTask         main.o
    0x08002d18   0x00000028   Code   RO          651    i.SysTick_CLKSourceConfig  misc.o
    0x08002d40   0x00000010   Code   RO          282    i.SysTick_Handler   utils.o
    0x08002d50   0x00000068   Code   RO         1356    i.SystemInit        system_stm32f4xx.o
    0x08002db8   0x0000018c   Code   RO          192    i.USART2_IRQHandler  stm32f4xx_it.o
    0x08002f44   0x00000050   Code   RO         1394    i.USART2_Init       gpio_init.o
    0x08002f94   0x0000007c   Code   RO          193    i.USART6_IRQHandler  stm32f4xx_it.o
    0x08003010   0x00000050   Code   RO         1395    i.USART6_Init       gpio_init.o
    0x08003060   0x00000018   Code   RO         1127    i.USART_Cmd         stm32f4xx_usart.o
    0x08003078   0x000000dc   Code   RO         1441    i.USART_Config      usart.o
    0x08003154   0x00000054   Code   RO         1131    i.USART_GetITStatus  stm32f4xx_usart.o
    0x080031a8   0x0000004a   Code   RO         1133    i.USART_ITConfig    stm32f4xx_usart.o
    0x080031f2   0x00000002   PAD
    0x080031f4   0x000000d4   Code   RO         1134    i.USART_Init        stm32f4xx_usart.o
    0x080032c8   0x0000000a   Code   RO         1141    i.USART_ReceiveData  stm32f4xx_usart.o
    0x080032d2   0x00000008   Code   RO         1144    i.USART_SendData    stm32f4xx_usart.o
    0x080032da   0x00000004   Code   RO          194    i.UsageFault_Handler  stm32f4xx_it.o
    0x080032de   0x00000002   PAD
    0x080032e0   0x00000060   Code   RO          420    i.WiFiCmd           wifiinit.o
    0x08003340   0x00000118   Code   RO          389    i.WiFiListener      wifilistener.o
    0x08003458   0x0000000e   Code   RO         1312    i.WiFiListenerTask  main.o
    0x08003466   0x00000002   PAD
    0x08003468   0x000002f0   Code   RO          421    i.WiFiStartConnection  wifiinit.o
    0x08003758   0x00000004   Code   RO          283    i._sys_exit         utils.o
    0x0800375c   0x00000054   Code   RO          284    i.delay_init        utils.o
    0x080037b0   0x00000050   Code   RO          285    i.delay_ms          utils.o
    0x08003800   0x0000005c   Code   RO          286    i.delay_us          utils.o
    0x0800385c   0x00000040   Code   RO          581    i.display_info      display.o
    0x0800389c   0x000000cc   Code   RO          582    i.display_now       display.o
    0x08003968   0x0000003c   Code   RO          583    i.display_title     display.o
    0x080039a4   0x00000178   Code   RO          584    i.display_welcome   display.o
    0x08003b1c   0x00000028   Code   RO          287    i.fputc             utils.o
    0x08003b44   0x00000076   Code   RO          288    i.getcontent        utils.o
    0x08003bba   0x00000002   PAD
    0x08003bbc   0x00000084   Code   RO         1313    i.main              main.o
    0x08003c40   0x00000018   Code   RO          290    i.sendString        utils.o
    0x08003c58   0x00000258   Code   RO          261    i.startinfo         ttl_display.o
    0x08003eb0   0x0000003c   Code   RO          585    i.word_tips         display.o
    0x08003eec   0x0000000a   Code   RO         2486    x$fpl$fpinit        fz_wm.l(fpinit.o)
    0x08003ef6   0x0001ff7e   Data   RO          479    .constdata          gui.o
    0x08023e74   0x00000100   Data   RO         1578    .constdata          os_core.o
    0x08023f74   0x00000020   Data   RO         2549    Region$$Table       anon$$obj.o


    Execution Region RW_IRAM1 (Base: 0x20000000, Size: 0x0000b598, Max: 0x00020000, ABSOLUTE)

    Base Addr    Size         Type   Attr      Idx    E Section Name        Object

    0x20000000   0x00000010   Data   RW          146    .data               led_effect.o
    0x20000010   0x00000006   Data   RW          196    .data               stm32f4xx_it.o
    0x20000016   0x00000002   PAD
    0x20000018   0x0000000c   Data   RW          291    .data               utils.o
    0x20000024   0x00000010   Data   RW          842    .data               stm32f4xx_rcc.o
    0x20000034   0x00000001   Data   RW         1315    .data               main.o
    0x20000035   0x00000003   PAD
    0x20000038   0x00000014   Data   RW         1357    .data               system_stm32f4xx.o
    0x2000004c   0x00000008   Data   RW         1396    .data               gpio_init.o
    0x20000054   0x00000006   Data   RW         1473    .data               lcd.o
    0x2000005a   0x00000002   PAD
    0x2000005c   0x00000048   Data   RW         1579    .data               os_core.o
    0x200000a4   0x00005000   Zero   RW          195    .bss                stm32f4xx_it.o
    0x200050a4   0x00005000   Zero   RW          390    .bss                wifilistener.o
    0x2000a0a4   0x00000400   Zero   RW         1314    .bss                main.o
    0x2000a4a4   0x0000000e   Zero   RW         1472    .bss                lcd.o
    0x2000a4b2   0x00000002   PAD
    0x2000a4b4   0x00000a80   Zero   RW         1577    .bss                os_core.o
    0x2000af34   0x00000060   Zero   RW         2430    .bss                c_w.l(libspace.o)
    0x2000af94   0x00000004   PAD
    0x2000af98   0x00000200   Zero   RW          639    HEAP                startup_stm32f40_41xxx.o
    0x2000b198   0x00000400   Zero   RW          638    STACK               startup_stm32f40_41xxx.o


==============================================================================

Image component sizes


      Code (inc. data)   RO Data    RW Data    ZI Data      Debug   Object Name

         0          0          0          0          0     261544   app_exec.o
       924        304          0          0          0       3522   display.o
       328         36          0          8          0       2777   gpio_init.o
      1292         52     130942          0          0       7019   gui.o
      3488        126          0          6         14      11131   lcd.o
       112         18          0         16          0       1129   led_effect.o
       382        156          0          1       1024      28939   main.o
       180         24          0          0          0       2009   misc.o
      1982        382        256         72       2688      20483   os_core.o
       200         32          0          0          0        312   os_cpu_a.o
       452          6          0          0          0      14014   os_cpu_c.o
       124         14          0          0          0       1226   os_flag.o
        80          8          0          0          0        583   os_q.o
      1154        116          0          0          0       6744   os_task.o
       120         20          0          0          0        640   os_time.o
        64         26        392          0       1536        820   startup_stm32f40_41xxx.o
       222          0          0          0          0       2775   stm32f4xx_gpio.o
       542         34          0          6      20480       5204   stm32f4xx_it.o
       328         36          0         16          0       4515   stm32f4xx_rcc.o
       412          8          0          0          0       4651   stm32f4xx_usart.o
       340         32          0         20          0       1753   system_stm32f4xx.o
       600        484          0          0          0        520   ttl_display.o
       220          8          0          0          0        679   usart.o
       458         36          0         12          0      15213   utils.o
       848        434          0          0          0       1364   wifiinit.o
       280        154          0          0      20480       1465   wifilistener.o

    ----------------------------------------------------------------------
     15160       2546     131622        164      46224     401031   Object Totals
         0          0         32          0          0          0   (incl. Generated)
        28          0          0          7          2          0   (incl. Padding)

    ----------------------------------------------------------------------

      Code (inc. data)   RO Data    RW Data    ZI Data      Debug   Library Member Name

         8          0          0          0          0         68   __main.o
       104          0          0          0          0         84   __printf.o
        52          8          0          0          0          0   __scatter.o
        26          0          0          0          0          0   __scatter_copy.o
        28          0          0          0          0          0   __scatter_zi.o
        48          6          0          0          0         96   _printf_char_common.o
        36          4          0          0          0         80   _printf_char_file.o
         0          0          0          0          0          0   _printf_percent.o
         4          0          0          0          0          0   _printf_percent_end.o
        12          0          0          0          0         72   exit.o
         8          0          0          0          0         68   ferror.o
         6          0          0          0          0        152   heapauxi.o
         2          0          0          0          0          0   libinit.o
         6          0          0          0          0          0   libinit2.o
         2          0          0          0          0          0   libshutdown.o
         2          0          0          0          0          0   libshutdown2.o
         8          4          0          0         96         68   libspace.o
        24          4          0          0          0         84   noretval__2printf.o
         0          0          0          0          0          0   rtentry.o
        12          0          0          0          0          0   rtentry2.o
         6          0          0          0          0          0   rtentry4.o
         2          0          0          0          0          0   rtexit.o
        10          0          0          0          0          0   rtexit2.o
        62          0          0          0          0         76   strlen.o
        74          0          0          0          0         80   sys_stackheap_outer.o
         2          0          0          0          0         68   use_no_semi.o
         2          0          0          0          0         68   use_no_semi_2.o
        10          0          0          0          0        116   fpinit.o

    ----------------------------------------------------------------------
       566         26          0          0        100       1180   Library Totals
        10          0          0          0          4          0   (incl. Padding)

    ----------------------------------------------------------------------

      Code (inc. data)   RO Data    RW Data    ZI Data      Debug   Library Name

       546         26          0          0         96       1064   c_w.l
        10          0          0          0          0        116   fz_wm.l

    ----------------------------------------------------------------------
       566         26          0          0        100       1180   Library Totals

    ----------------------------------------------------------------------

==============================================================================


      Code (inc. data)   RO Data    RW Data    ZI Data      Debug   

     15726       2572     131622        164      46324     390443   Grand Totals
     15726       2572     131622        164      46324     390443   ELF Image Totals
     15726       2572     131622        164          0          0   ROM Totals

==============================================================================

    Total RO  Size (Code + RO Data)               147348 ( 143.89kB)
    Total RW  Size (RW Data + ZI Data)             46488 (  45.40kB)
    Total ROM Size (Code + RO Data + RW Data)     147512 ( 144.05kB)

==============================================================================

